Archive member included to satisfy reference by file (symbol)

d:/studies/amit embedded systems course/tools/atmel studio/7.0/toolchain/avr8/avr8-gnu-toolchain/bin/../lib/gcc/avr/5.4.0/avr5\libgcc.a(_divmodsi4.o)
                              LCD.o (__divmodsi4)
d:/studies/amit embedded systems course/tools/atmel studio/7.0/toolchain/avr8/avr8-gnu-toolchain/bin/../lib/gcc/avr/5.4.0/avr5\libgcc.a(_negsi2.o)
                              d:/studies/amit embedded systems course/tools/atmel studio/7.0/toolchain/avr8/avr8-gnu-toolchain/bin/../lib/gcc/avr/5.4.0/avr5\libgcc.a(_divmodsi4.o) (__negsi2)
d:/studies/amit embedded systems course/tools/atmel studio/7.0/toolchain/avr8/avr8-gnu-toolchain/bin/../lib/gcc/avr/5.4.0/avr5\libgcc.a(_exit.o)
                              D:/Studies/AMIT Embedded Systems course/Tools/ATMEL Studio/7.0/Packs/atmel/ATmega_DFP/1.6.364/gcc/dev/atmega32/avr5/crtatmega32.o (exit)
d:/studies/amit embedded systems course/tools/atmel studio/7.0/toolchain/avr8/avr8-gnu-toolchain/bin/../lib/gcc/avr/5.4.0/avr5\libgcc.a(_copy_data.o)
                              Devices.o (__do_copy_data)
d:/studies/amit embedded systems course/tools/atmel studio/7.0/toolchain/avr8/avr8-gnu-toolchain/bin/../lib/gcc/avr/5.4.0/avr5\libgcc.a(_clear_bss.o)
                              Devices.o (__do_clear_bss)
d:/studies/amit embedded systems course/tools/atmel studio/7.0/toolchain/avr8/avr8-gnu-toolchain/bin/../lib/gcc/avr/5.4.0/avr5\libgcc.a(_umulhisi3.o)
                              LCD.o (__umulhisi3)
d:/studies/amit embedded systems course/tools/atmel studio/7.0/toolchain/avr8/avr8-gnu-toolchain/bin/../lib/gcc/avr/5.4.0/avr5\libgcc.a(_udivmodsi4.o)
                              d:/studies/amit embedded systems course/tools/atmel studio/7.0/toolchain/avr8/avr8-gnu-toolchain/bin/../lib/gcc/avr/5.4.0/avr5\libgcc.a(_divmodsi4.o) (__udivmodsi4)

Allocating common symbols
Common symbol       size              file

User_Selection      0x2               Smart_Home.o
Smart_Home_Devices  0x1e              Devices.o

Discarded input sections

 .data          0x00000000        0x0 D:/Studies/AMIT Embedded Systems course/Tools/ATMEL Studio/7.0/Packs/atmel/ATmega_DFP/1.6.364/gcc/dev/atmega32/avr5/crtatmega32.o
 .bss           0x00000000        0x0 D:/Studies/AMIT Embedded Systems course/Tools/ATMEL Studio/7.0/Packs/atmel/ATmega_DFP/1.6.364/gcc/dev/atmega32/avr5/crtatmega32.o
 .text          0x00000000        0x0 Bluetooth_Mod.o
 .data          0x00000000        0x0 Bluetooth_Mod.o
 .bss           0x00000000        0x0 Bluetooth_Mod.o
 .text.Bluetooth_Mod_Rx
                0x00000000        0xe Bluetooth_Mod.o
 .text          0x00000000        0x0 CMD_Bus.o
 .data          0x00000000        0x0 CMD_Bus.o
 .bss           0x00000000        0x0 CMD_Bus.o
 .text.CMD_Bus_Slave_Init
                0x00000000        0x6 CMD_Bus.o
 .text.CMD_Bus_Read
                0x00000000       0x2e CMD_Bus.o
 .text.CMD_Bus_Res_Ack
                0x00000000       0x3a CMD_Bus.o
 .text          0x00000000        0x0 Comm_Bridge.o
 .data          0x00000000        0x0 Comm_Bridge.o
 .bss           0x00000000        0x0 Comm_Bridge.o
 .text.Comm_Bridge_BT_SendStream
                0x00000000       0x18 Comm_Bridge.o
 .text.Comm_Bridge_CMD_Read_Req
                0x00000000       0x70 Comm_Bridge.o
 .text.Comm_Bridge_CMD_Res
                0x00000000      0x100 Comm_Bridge.o
 .text          0x00000000        0x0 Devices.o
 .data          0x00000000        0x0 Devices.o
 .bss           0x00000000        0x0 Devices.o
 .rodata        0x00000000       0x18 Devices.o
 .text.Devices_DB_Config
                0x00000000       0xd6 Devices.o
 .text.Devices_Init
                0x00000000       0xa0 Devices.o
 .text.Dev_Op_Check_Valid
                0x00000000      0x106 Devices.o
 .text.Device_Apply_Request
                0x00000000       0x8e Devices.o
 .debug_info    0x00000000      0x6de Devices.o
 .debug_abbrev  0x00000000      0x1eb Devices.o
 .debug_loc     0x00000000      0x3d7 Devices.o
 .debug_aranges
                0x00000000       0x38 Devices.o
 .debug_ranges  0x00000000       0x28 Devices.o
 .debug_line    0x00000000      0x36c Devices.o
 .debug_str     0x00000000      0x3ff Devices.o
 .comment       0x00000000       0x31 Devices.o
 .debug_frame   0x00000000       0x9c Devices.o
 COMMON         0x00000000       0x1e Devices.o
 .text          0x00000000        0x0 DIO.o
 .data          0x00000000        0x0 DIO.o
 .bss           0x00000000        0x0 DIO.o
 .text.DIO_SetPortDir
                0x00000000        0x6 DIO.o
 .text.DIO_SetPortValue
                0x00000000        0x6 DIO.o
 .text.DIO_ReadPortValue
                0x00000000        0xa DIO.o
 .text.DIO_TogglePort
                0x00000000        0xa DIO.o
 .text.DIO_TogglePin
                0x00000000       0x18 DIO.o
 .text.DIO_SetPortPullup
                0x00000000        0x8 DIO.o
 .text.DIO_SetPinPullup
                0x00000000       0x18 DIO.o
 .text          0x00000000        0x0 I2C.o
 .data          0x00000000        0x0 I2C.o
 .bss           0x00000000        0x0 I2C.o
 .text.I2C_Master_Init
                0x00000000       0x10 I2C.o
 .text.I2C_Slave_Init
                0x00000000        0xa I2C.o
 .text.I2C_Start_Condition
                0x00000000       0x14 I2C.o
 .text.I2C_RepeatedStart
                0x00000000       0x14 I2C.o
 .text.I2C_Send_SlaveAddr_Write_Op
                0x00000000       0x18 I2C.o
 .text.I2C_Send_SlaveAddr_Read_Op
                0x00000000       0x1e I2C.o
 .text.I2C_Send_DataByte
                0x00000000       0x16 I2C.o
 .text.I2C_Read_DataByte
                0x00000000       0x16 I2C.o
 .text.I2C_Stop_Condition
                0x00000000        0x6 I2C.o
 .debug_info    0x00000000      0x173 I2C.o
 .debug_abbrev  0x00000000       0x89 I2C.o
 .debug_loc     0x00000000       0x6f I2C.o
 .debug_aranges
                0x00000000       0x60 I2C.o
 .debug_ranges  0x00000000       0x50 I2C.o
 .debug_line    0x00000000      0x1c8 I2C.o
 .debug_str     0x00000000      0x279 I2C.o
 .comment       0x00000000       0x31 I2C.o
 .debug_frame   0x00000000       0xa4 I2C.o
 .text          0x00000000        0x0 LCD.o
 .data          0x00000000        0x0 LCD.o
 .bss           0x00000000        0x0 LCD.o
 .text.LCD_WriteInteger
                0x00000000       0xf4 LCD.o
 .text          0x00000000        0x0 LED.o
 .data          0x00000000        0x0 LED.o
 .bss           0x00000000        0x0 LED.o
 .text.LED0_Init
                0x00000000        0xe LED.o
 .text.LED1_Init
                0x00000000        0xe LED.o
 .text.LED2_Init
                0x00000000        0xe LED.o
 .text.LED0_ON  0x00000000        0xe LED.o
 .text.LED1_ON  0x00000000        0xe LED.o
 .text.LED2_ON  0x00000000        0xe LED.o
 .text.LED0_OFF
                0x00000000        0xe LED.o
 .text.LED1_OFF
                0x00000000        0xe LED.o
 .text.LED2_OFF
                0x00000000        0xe LED.o
 .text.LED0_Toggle
                0x00000000        0xc LED.o
 .text.LED1_Toggle
                0x00000000        0xc LED.o
 .text.LED2_Toggle
                0x00000000        0xc LED.o
 .text.LED_Init
                0x00000000       0x60 LED.o
 .text.LED_ON   0x00000000       0x36 LED.o
 .text.LED_OFF  0x00000000       0x36 LED.o
 .text.LED_Toggle
                0x00000000       0x30 LED.o
 .debug_info    0x00000000      0x616 LED.o
 .debug_abbrev  0x00000000       0xbf LED.o
 .debug_loc     0x00000000      0x165 LED.o
 .debug_aranges
                0x00000000       0x98 LED.o
 .debug_ranges  0x00000000       0x88 LED.o
 .debug_line    0x00000000      0x23e LED.o
 .debug_str     0x00000000      0x283 LED.o
 .comment       0x00000000       0x31 LED.o
 .debug_frame   0x00000000      0x114 LED.o
 .text          0x00000000        0x0 main.o
 .data          0x00000000        0x0 main.o
 .bss           0x00000000        0x0 main.o
 .text          0x00000000        0x0 Smart_Home.o
 .data          0x00000000        0x0 Smart_Home.o
 .bss           0x00000000        0x0 Smart_Home.o
 .text          0x00000000        0x0 SPI.o
 .data          0x00000000        0x0 SPI.o
 .bss           0x00000000        0x0 SPI.o
 .text.SPI_Slave_Init
                0x00000000       0x38 SPI.o
 .text          0x00000000        0x0 UART.o
 .data          0x00000000        0x0 UART.o
 .bss           0x00000000        0x0 UART.o
 .text          0x00000000        0x0 d:/studies/amit embedded systems course/tools/atmel studio/7.0/toolchain/avr8/avr8-gnu-toolchain/bin/../lib/gcc/avr/5.4.0/avr5\libgcc.a(_divmodsi4.o)
 .data          0x00000000        0x0 d:/studies/amit embedded systems course/tools/atmel studio/7.0/toolchain/avr8/avr8-gnu-toolchain/bin/../lib/gcc/avr/5.4.0/avr5\libgcc.a(_divmodsi4.o)
 .bss           0x00000000        0x0 d:/studies/amit embedded systems course/tools/atmel studio/7.0/toolchain/avr8/avr8-gnu-toolchain/bin/../lib/gcc/avr/5.4.0/avr5\libgcc.a(_divmodsi4.o)
 .text.libgcc.mul
                0x00000000        0x0 d:/studies/amit embedded systems course/tools/atmel studio/7.0/toolchain/avr8/avr8-gnu-toolchain/bin/../lib/gcc/avr/5.4.0/avr5\libgcc.a(_divmodsi4.o)
 .text.libgcc.div
                0x00000000       0x2e d:/studies/amit embedded systems course/tools/atmel studio/7.0/toolchain/avr8/avr8-gnu-toolchain/bin/../lib/gcc/avr/5.4.0/avr5\libgcc.a(_divmodsi4.o)
 .text.libgcc   0x00000000        0x0 d:/studies/amit embedded systems course/tools/atmel studio/7.0/toolchain/avr8/avr8-gnu-toolchain/bin/../lib/gcc/avr/5.4.0/avr5\libgcc.a(_divmodsi4.o)
 .text.libgcc.prologue
                0x00000000        0x0 d:/studies/amit embedded systems course/tools/atmel studio/7.0/toolchain/avr8/avr8-gnu-toolchain/bin/../lib/gcc/avr/5.4.0/avr5\libgcc.a(_divmodsi4.o)
 .text.libgcc.builtins
                0x00000000        0x0 d:/studies/amit embedded systems course/tools/atmel studio/7.0/toolchain/avr8/avr8-gnu-toolchain/bin/../lib/gcc/avr/5.4.0/avr5\libgcc.a(_divmodsi4.o)
 .text.libgcc.fmul
                0x00000000        0x0 d:/studies/amit embedded systems course/tools/atmel studio/7.0/toolchain/avr8/avr8-gnu-toolchain/bin/../lib/gcc/avr/5.4.0/avr5\libgcc.a(_divmodsi4.o)
 .text.libgcc.fixed
                0x00000000        0x0 d:/studies/amit embedded systems course/tools/atmel studio/7.0/toolchain/avr8/avr8-gnu-toolchain/bin/../lib/gcc/avr/5.4.0/avr5\libgcc.a(_divmodsi4.o)
 .text          0x00000000        0x0 d:/studies/amit embedded systems course/tools/atmel studio/7.0/toolchain/avr8/avr8-gnu-toolchain/bin/../lib/gcc/avr/5.4.0/avr5\libgcc.a(_negsi2.o)
 .data          0x00000000        0x0 d:/studies/amit embedded systems course/tools/atmel studio/7.0/toolchain/avr8/avr8-gnu-toolchain/bin/../lib/gcc/avr/5.4.0/avr5\libgcc.a(_negsi2.o)
 .bss           0x00000000        0x0 d:/studies/amit embedded systems course/tools/atmel studio/7.0/toolchain/avr8/avr8-gnu-toolchain/bin/../lib/gcc/avr/5.4.0/avr5\libgcc.a(_negsi2.o)
 .text.libgcc.mul
                0x00000000        0x0 d:/studies/amit embedded systems course/tools/atmel studio/7.0/toolchain/avr8/avr8-gnu-toolchain/bin/../lib/gcc/avr/5.4.0/avr5\libgcc.a(_negsi2.o)
 .text.libgcc.div
                0x00000000       0x10 d:/studies/amit embedded systems course/tools/atmel studio/7.0/toolchain/avr8/avr8-gnu-toolchain/bin/../lib/gcc/avr/5.4.0/avr5\libgcc.a(_negsi2.o)
 .text.libgcc   0x00000000        0x0 d:/studies/amit embedded systems course/tools/atmel studio/7.0/toolchain/avr8/avr8-gnu-toolchain/bin/../lib/gcc/avr/5.4.0/avr5\libgcc.a(_negsi2.o)
 .text.libgcc.prologue
                0x00000000        0x0 d:/studies/amit embedded systems course/tools/atmel studio/7.0/toolchain/avr8/avr8-gnu-toolchain/bin/../lib/gcc/avr/5.4.0/avr5\libgcc.a(_negsi2.o)
 .text.libgcc.builtins
                0x00000000        0x0 d:/studies/amit embedded systems course/tools/atmel studio/7.0/toolchain/avr8/avr8-gnu-toolchain/bin/../lib/gcc/avr/5.4.0/avr5\libgcc.a(_negsi2.o)
 .text.libgcc.fmul
                0x00000000        0x0 d:/studies/amit embedded systems course/tools/atmel studio/7.0/toolchain/avr8/avr8-gnu-toolchain/bin/../lib/gcc/avr/5.4.0/avr5\libgcc.a(_negsi2.o)
 .text.libgcc.fixed
                0x00000000        0x0 d:/studies/amit embedded systems course/tools/atmel studio/7.0/toolchain/avr8/avr8-gnu-toolchain/bin/../lib/gcc/avr/5.4.0/avr5\libgcc.a(_negsi2.o)
 .text          0x00000000        0x0 d:/studies/amit embedded systems course/tools/atmel studio/7.0/toolchain/avr8/avr8-gnu-toolchain/bin/../lib/gcc/avr/5.4.0/avr5\libgcc.a(_exit.o)
 .data          0x00000000        0x0 d:/studies/amit embedded systems course/tools/atmel studio/7.0/toolchain/avr8/avr8-gnu-toolchain/bin/../lib/gcc/avr/5.4.0/avr5\libgcc.a(_exit.o)
 .bss           0x00000000        0x0 d:/studies/amit embedded systems course/tools/atmel studio/7.0/toolchain/avr8/avr8-gnu-toolchain/bin/../lib/gcc/avr/5.4.0/avr5\libgcc.a(_exit.o)
 .text.libgcc.mul
                0x00000000        0x0 d:/studies/amit embedded systems course/tools/atmel studio/7.0/toolchain/avr8/avr8-gnu-toolchain/bin/../lib/gcc/avr/5.4.0/avr5\libgcc.a(_exit.o)
 .text.libgcc.div
                0x00000000        0x0 d:/studies/amit embedded systems course/tools/atmel studio/7.0/toolchain/avr8/avr8-gnu-toolchain/bin/../lib/gcc/avr/5.4.0/avr5\libgcc.a(_exit.o)
 .text.libgcc   0x00000000        0x0 d:/studies/amit embedded systems course/tools/atmel studio/7.0/toolchain/avr8/avr8-gnu-toolchain/bin/../lib/gcc/avr/5.4.0/avr5\libgcc.a(_exit.o)
 .text.libgcc.prologue
                0x00000000        0x0 d:/studies/amit embedded systems course/tools/atmel studio/7.0/toolchain/avr8/avr8-gnu-toolchain/bin/../lib/gcc/avr/5.4.0/avr5\libgcc.a(_exit.o)
 .text.libgcc.builtins
                0x00000000        0x0 d:/studies/amit embedded systems course/tools/atmel studio/7.0/toolchain/avr8/avr8-gnu-toolchain/bin/../lib/gcc/avr/5.4.0/avr5\libgcc.a(_exit.o)
 .text.libgcc.fmul
                0x00000000        0x0 d:/studies/amit embedded systems course/tools/atmel studio/7.0/toolchain/avr8/avr8-gnu-toolchain/bin/../lib/gcc/avr/5.4.0/avr5\libgcc.a(_exit.o)
 .text.libgcc.fixed
                0x00000000        0x0 d:/studies/amit embedded systems course/tools/atmel studio/7.0/toolchain/avr8/avr8-gnu-toolchain/bin/../lib/gcc/avr/5.4.0/avr5\libgcc.a(_exit.o)
 .text          0x00000000        0x0 d:/studies/amit embedded systems course/tools/atmel studio/7.0/toolchain/avr8/avr8-gnu-toolchain/bin/../lib/gcc/avr/5.4.0/avr5\libgcc.a(_copy_data.o)
 .data          0x00000000        0x0 d:/studies/amit embedded systems course/tools/atmel studio/7.0/toolchain/avr8/avr8-gnu-toolchain/bin/../lib/gcc/avr/5.4.0/avr5\libgcc.a(_copy_data.o)
 .bss           0x00000000        0x0 d:/studies/amit embedded systems course/tools/atmel studio/7.0/toolchain/avr8/avr8-gnu-toolchain/bin/../lib/gcc/avr/5.4.0/avr5\libgcc.a(_copy_data.o)
 .text.libgcc.mul
                0x00000000        0x0 d:/studies/amit embedded systems course/tools/atmel studio/7.0/toolchain/avr8/avr8-gnu-toolchain/bin/../lib/gcc/avr/5.4.0/avr5\libgcc.a(_copy_data.o)
 .text.libgcc.div
                0x00000000        0x0 d:/studies/amit embedded systems course/tools/atmel studio/7.0/toolchain/avr8/avr8-gnu-toolchain/bin/../lib/gcc/avr/5.4.0/avr5\libgcc.a(_copy_data.o)
 .text.libgcc   0x00000000        0x0 d:/studies/amit embedded systems course/tools/atmel studio/7.0/toolchain/avr8/avr8-gnu-toolchain/bin/../lib/gcc/avr/5.4.0/avr5\libgcc.a(_copy_data.o)
 .text.libgcc.prologue
                0x00000000        0x0 d:/studies/amit embedded systems course/tools/atmel studio/7.0/toolchain/avr8/avr8-gnu-toolchain/bin/../lib/gcc/avr/5.4.0/avr5\libgcc.a(_copy_data.o)
 .text.libgcc.builtins
                0x00000000        0x0 d:/studies/amit embedded systems course/tools/atmel studio/7.0/toolchain/avr8/avr8-gnu-toolchain/bin/../lib/gcc/avr/5.4.0/avr5\libgcc.a(_copy_data.o)
 .text.libgcc.fmul
                0x00000000        0x0 d:/studies/amit embedded systems course/tools/atmel studio/7.0/toolchain/avr8/avr8-gnu-toolchain/bin/../lib/gcc/avr/5.4.0/avr5\libgcc.a(_copy_data.o)
 .text.libgcc.fixed
                0x00000000        0x0 d:/studies/amit embedded systems course/tools/atmel studio/7.0/toolchain/avr8/avr8-gnu-toolchain/bin/../lib/gcc/avr/5.4.0/avr5\libgcc.a(_copy_data.o)
 .text          0x00000000        0x0 d:/studies/amit embedded systems course/tools/atmel studio/7.0/toolchain/avr8/avr8-gnu-toolchain/bin/../lib/gcc/avr/5.4.0/avr5\libgcc.a(_clear_bss.o)
 .data          0x00000000        0x0 d:/studies/amit embedded systems course/tools/atmel studio/7.0/toolchain/avr8/avr8-gnu-toolchain/bin/../lib/gcc/avr/5.4.0/avr5\libgcc.a(_clear_bss.o)
 .bss           0x00000000        0x0 d:/studies/amit embedded systems course/tools/atmel studio/7.0/toolchain/avr8/avr8-gnu-toolchain/bin/../lib/gcc/avr/5.4.0/avr5\libgcc.a(_clear_bss.o)
 .text.libgcc.mul
                0x00000000        0x0 d:/studies/amit embedded systems course/tools/atmel studio/7.0/toolchain/avr8/avr8-gnu-toolchain/bin/../lib/gcc/avr/5.4.0/avr5\libgcc.a(_clear_bss.o)
 .text.libgcc.div
                0x00000000        0x0 d:/studies/amit embedded systems course/tools/atmel studio/7.0/toolchain/avr8/avr8-gnu-toolchain/bin/../lib/gcc/avr/5.4.0/avr5\libgcc.a(_clear_bss.o)
 .text.libgcc   0x00000000        0x0 d:/studies/amit embedded systems course/tools/atmel studio/7.0/toolchain/avr8/avr8-gnu-toolchain/bin/../lib/gcc/avr/5.4.0/avr5\libgcc.a(_clear_bss.o)
 .text.libgcc.prologue
                0x00000000        0x0 d:/studies/amit embedded systems course/tools/atmel studio/7.0/toolchain/avr8/avr8-gnu-toolchain/bin/../lib/gcc/avr/5.4.0/avr5\libgcc.a(_clear_bss.o)
 .text.libgcc.builtins
                0x00000000        0x0 d:/studies/amit embedded systems course/tools/atmel studio/7.0/toolchain/avr8/avr8-gnu-toolchain/bin/../lib/gcc/avr/5.4.0/avr5\libgcc.a(_clear_bss.o)
 .text.libgcc.fmul
                0x00000000        0x0 d:/studies/amit embedded systems course/tools/atmel studio/7.0/toolchain/avr8/avr8-gnu-toolchain/bin/../lib/gcc/avr/5.4.0/avr5\libgcc.a(_clear_bss.o)
 .text.libgcc.fixed
                0x00000000        0x0 d:/studies/amit embedded systems course/tools/atmel studio/7.0/toolchain/avr8/avr8-gnu-toolchain/bin/../lib/gcc/avr/5.4.0/avr5\libgcc.a(_clear_bss.o)
 .text          0x00000000        0x0 d:/studies/amit embedded systems course/tools/atmel studio/7.0/toolchain/avr8/avr8-gnu-toolchain/bin/../lib/gcc/avr/5.4.0/avr5\libgcc.a(_umulhisi3.o)
 .data          0x00000000        0x0 d:/studies/amit embedded systems course/tools/atmel studio/7.0/toolchain/avr8/avr8-gnu-toolchain/bin/../lib/gcc/avr/5.4.0/avr5\libgcc.a(_umulhisi3.o)
 .bss           0x00000000        0x0 d:/studies/amit embedded systems course/tools/atmel studio/7.0/toolchain/avr8/avr8-gnu-toolchain/bin/../lib/gcc/avr/5.4.0/avr5\libgcc.a(_umulhisi3.o)
 .text.libgcc.mul
                0x00000000       0x1e d:/studies/amit embedded systems course/tools/atmel studio/7.0/toolchain/avr8/avr8-gnu-toolchain/bin/../lib/gcc/avr/5.4.0/avr5\libgcc.a(_umulhisi3.o)
 .text.libgcc.div
                0x00000000        0x0 d:/studies/amit embedded systems course/tools/atmel studio/7.0/toolchain/avr8/avr8-gnu-toolchain/bin/../lib/gcc/avr/5.4.0/avr5\libgcc.a(_umulhisi3.o)
 .text.libgcc   0x00000000        0x0 d:/studies/amit embedded systems course/tools/atmel studio/7.0/toolchain/avr8/avr8-gnu-toolchain/bin/../lib/gcc/avr/5.4.0/avr5\libgcc.a(_umulhisi3.o)
 .text.libgcc.prologue
                0x00000000        0x0 d:/studies/amit embedded systems course/tools/atmel studio/7.0/toolchain/avr8/avr8-gnu-toolchain/bin/../lib/gcc/avr/5.4.0/avr5\libgcc.a(_umulhisi3.o)
 .text.libgcc.builtins
                0x00000000        0x0 d:/studies/amit embedded systems course/tools/atmel studio/7.0/toolchain/avr8/avr8-gnu-toolchain/bin/../lib/gcc/avr/5.4.0/avr5\libgcc.a(_umulhisi3.o)
 .text.libgcc.fmul
                0x00000000        0x0 d:/studies/amit embedded systems course/tools/atmel studio/7.0/toolchain/avr8/avr8-gnu-toolchain/bin/../lib/gcc/avr/5.4.0/avr5\libgcc.a(_umulhisi3.o)
 .text.libgcc.fixed
                0x00000000        0x0 d:/studies/amit embedded systems course/tools/atmel studio/7.0/toolchain/avr8/avr8-gnu-toolchain/bin/../lib/gcc/avr/5.4.0/avr5\libgcc.a(_umulhisi3.o)
 .text          0x00000000        0x0 d:/studies/amit embedded systems course/tools/atmel studio/7.0/toolchain/avr8/avr8-gnu-toolchain/bin/../lib/gcc/avr/5.4.0/avr5\libgcc.a(_udivmodsi4.o)
 .data          0x00000000        0x0 d:/studies/amit embedded systems course/tools/atmel studio/7.0/toolchain/avr8/avr8-gnu-toolchain/bin/../lib/gcc/avr/5.4.0/avr5\libgcc.a(_udivmodsi4.o)
 .bss           0x00000000        0x0 d:/studies/amit embedded systems course/tools/atmel studio/7.0/toolchain/avr8/avr8-gnu-toolchain/bin/../lib/gcc/avr/5.4.0/avr5\libgcc.a(_udivmodsi4.o)
 .text.libgcc.mul
                0x00000000        0x0 d:/studies/amit embedded systems course/tools/atmel studio/7.0/toolchain/avr8/avr8-gnu-toolchain/bin/../lib/gcc/avr/5.4.0/avr5\libgcc.a(_udivmodsi4.o)
 .text.libgcc.div
                0x00000000       0x44 d:/studies/amit embedded systems course/tools/atmel studio/7.0/toolchain/avr8/avr8-gnu-toolchain/bin/../lib/gcc/avr/5.4.0/avr5\libgcc.a(_udivmodsi4.o)
 .text.libgcc   0x00000000        0x0 d:/studies/amit embedded systems course/tools/atmel studio/7.0/toolchain/avr8/avr8-gnu-toolchain/bin/../lib/gcc/avr/5.4.0/avr5\libgcc.a(_udivmodsi4.o)
 .text.libgcc.prologue
                0x00000000        0x0 d:/studies/amit embedded systems course/tools/atmel studio/7.0/toolchain/avr8/avr8-gnu-toolchain/bin/../lib/gcc/avr/5.4.0/avr5\libgcc.a(_udivmodsi4.o)
 .text.libgcc.builtins
                0x00000000        0x0 d:/studies/amit embedded systems course/tools/atmel studio/7.0/toolchain/avr8/avr8-gnu-toolchain/bin/../lib/gcc/avr/5.4.0/avr5\libgcc.a(_udivmodsi4.o)
 .text.libgcc.fmul
                0x00000000        0x0 d:/studies/amit embedded systems course/tools/atmel studio/7.0/toolchain/avr8/avr8-gnu-toolchain/bin/../lib/gcc/avr/5.4.0/avr5\libgcc.a(_udivmodsi4.o)
 .text.libgcc.fixed
                0x00000000        0x0 d:/studies/amit embedded systems course/tools/atmel studio/7.0/toolchain/avr8/avr8-gnu-toolchain/bin/../lib/gcc/avr/5.4.0/avr5\libgcc.a(_udivmodsi4.o)

Memory Configuration

Name             Origin             Length             Attributes
text             0x00000000         0x00008000         xr
data             0x00800060         0x00000800         rw !x
eeprom           0x00810000         0x00000400         rw !x
fuse             0x00820000         0x00000002         rw !x
lock             0x00830000         0x00000400         rw !x
signature        0x00840000         0x00000400         rw !x
user_signatures  0x00850000         0x00000400         rw !x
*default*        0x00000000         0xffffffff

Linker script and memory map

LOAD D:/Studies/AMIT Embedded Systems course/Tools/ATMEL Studio/7.0/Packs/atmel/ATmega_DFP/1.6.364/gcc/dev/atmega32/avr5/crtatmega32.o
LOAD Bluetooth_Mod.o
LOAD CMD_Bus.o
LOAD Comm_Bridge.o
LOAD Devices.o
LOAD DIO.o
LOAD I2C.o
LOAD LCD.o
LOAD LED.o
LOAD main.o
LOAD Smart_Home.o
LOAD SPI.o
LOAD UART.o
START GROUP
LOAD d:/studies/amit embedded systems course/tools/atmel studio/7.0/toolchain/avr8/avr8-gnu-toolchain/bin/../lib/gcc/avr/5.4.0/../../../../avr/lib/avr5\libm.a
END GROUP
START GROUP
LOAD d:/studies/amit embedded systems course/tools/atmel studio/7.0/toolchain/avr8/avr8-gnu-toolchain/bin/../lib/gcc/avr/5.4.0/avr5\libgcc.a
LOAD d:/studies/amit embedded systems course/tools/atmel studio/7.0/toolchain/avr8/avr8-gnu-toolchain/bin/../lib/gcc/avr/5.4.0/../../../../avr/lib/avr5\libm.a
LOAD d:/studies/amit embedded systems course/tools/atmel studio/7.0/toolchain/avr8/avr8-gnu-toolchain/bin/../lib/gcc/avr/5.4.0/../../../../avr/lib/avr5\libc.a
LOAD D:/Studies/AMIT Embedded Systems course/Tools/ATMEL Studio/7.0/Packs/atmel/ATmega_DFP/1.6.364/gcc/dev/atmega32/avr5\libatmega32.a
END GROUP
                0x00000000                __TEXT_REGION_ORIGIN__ = DEFINED (__TEXT_REGION_ORIGIN__)?__TEXT_REGION_ORIGIN__:0x0
                [0x00800060]                __DATA_REGION_ORIGIN__ = DEFINED (__DATA_REGION_ORIGIN__)?__DATA_REGION_ORIGIN__:0x800060
                [0x00008000]                __TEXT_REGION_LENGTH__ = DEFINED (__TEXT_REGION_LENGTH__)?__TEXT_REGION_LENGTH__:0x20000
                [0x00000800]                __DATA_REGION_LENGTH__ = DEFINED (__DATA_REGION_LENGTH__)?__DATA_REGION_LENGTH__:0xffa0
                [0x00000400]                __EEPROM_REGION_LENGTH__ = DEFINED (__EEPROM_REGION_LENGTH__)?__EEPROM_REGION_LENGTH__:0x10000
                [0x00000002]                __FUSE_REGION_LENGTH__ = DEFINED (__FUSE_REGION_LENGTH__)?__FUSE_REGION_LENGTH__:0x400
                0x00000400                __LOCK_REGION_LENGTH__ = DEFINED (__LOCK_REGION_LENGTH__)?__LOCK_REGION_LENGTH__:0x400
                0x00000400                __SIGNATURE_REGION_LENGTH__ = DEFINED (__SIGNATURE_REGION_LENGTH__)?__SIGNATURE_REGION_LENGTH__:0x400
                0x00000400                __USER_SIGNATURE_REGION_LENGTH__ = DEFINED (__USER_SIGNATURE_REGION_LENGTH__)?__USER_SIGNATURE_REGION_LENGTH__:0x400

.hash
 *(.hash)

.dynsym
 *(.dynsym)

.dynstr
 *(.dynstr)

.gnu.version
 *(.gnu.version)

.gnu.version_d
 *(.gnu.version_d)

.gnu.version_r
 *(.gnu.version_r)

.rel.init
 *(.rel.init)

.rela.init
 *(.rela.init)

.rel.text
 *(.rel.text)
 *(.rel.text.*)
 *(.rel.gnu.linkonce.t*)

.rela.text
 *(.rela.text)
 *(.rela.text.*)
 *(.rela.gnu.linkonce.t*)

.rel.fini
 *(.rel.fini)

.rela.fini
 *(.rela.fini)

.rel.rodata
 *(.rel.rodata)
 *(.rel.rodata.*)
 *(.rel.gnu.linkonce.r*)

.rela.rodata
 *(.rela.rodata)
 *(.rela.rodata.*)
 *(.rela.gnu.linkonce.r*)

.rel.data
 *(.rel.data)
 *(.rel.data.*)
 *(.rel.gnu.linkonce.d*)

.rela.data
 *(.rela.data)
 *(.rela.data.*)
 *(.rela.gnu.linkonce.d*)

.rel.ctors
 *(.rel.ctors)

.rela.ctors
 *(.rela.ctors)

.rel.dtors
 *(.rel.dtors)

.rela.dtors
 *(.rela.dtors)

.rel.got
 *(.rel.got)

.rela.got
 *(.rela.got)

.rel.bss
 *(.rel.bss)

.rela.bss
 *(.rela.bss)

.rel.plt
 *(.rel.plt)

.rela.plt
 *(.rela.plt)

.text           0x00000000      0xad0
 *(.vectors)
 .vectors       0x00000000       0x54 D:/Studies/AMIT Embedded Systems course/Tools/ATMEL Studio/7.0/Packs/atmel/ATmega_DFP/1.6.364/gcc/dev/atmega32/avr5/crtatmega32.o
                0x00000000                __vector_default
                0x00000000                __vectors
 *(.vectors)
 *(.progmem.gcc*)
                0x00000054                . = ALIGN (0x2)
                0x00000054                __trampolines_start = .
 *(.trampolines)
 .trampolines   0x00000054        0x0 linker stubs
 *(.trampolines*)
                0x00000054                __trampolines_end = .
 *libprintf_flt.a:*(.progmem.data)
 *libc.a:*(.progmem.data)
 *(.progmem*)
                0x00000054                . = ALIGN (0x2)
 *(.jumptables)
 *(.jumptables*)
 *(.lowtext)
 *(.lowtext*)
                0x00000054                __ctors_start = .
 *(.ctors)
                0x00000054                __ctors_end = .
                0x00000054                __dtors_start = .
 *(.dtors)
                0x00000054                __dtors_end = .
 SORT(*)(.ctors)
 SORT(*)(.dtors)
 *(.init0)
 .init0         0x00000054        0x0 D:/Studies/AMIT Embedded Systems course/Tools/ATMEL Studio/7.0/Packs/atmel/ATmega_DFP/1.6.364/gcc/dev/atmega32/avr5/crtatmega32.o
                0x00000054                __init
 *(.init0)
 *(.init1)
 *(.init1)
 *(.init2)
 .init2         0x00000054        0xc D:/Studies/AMIT Embedded Systems course/Tools/ATMEL Studio/7.0/Packs/atmel/ATmega_DFP/1.6.364/gcc/dev/atmega32/avr5/crtatmega32.o
 *(.init2)
 *(.init3)
 *(.init3)
 *(.init4)
 .init4         0x00000060       0x16 d:/studies/amit embedded systems course/tools/atmel studio/7.0/toolchain/avr8/avr8-gnu-toolchain/bin/../lib/gcc/avr/5.4.0/avr5\libgcc.a(_copy_data.o)
                0x00000060                __do_copy_data
 .init4         0x00000076       0x10 d:/studies/amit embedded systems course/tools/atmel studio/7.0/toolchain/avr8/avr8-gnu-toolchain/bin/../lib/gcc/avr/5.4.0/avr5\libgcc.a(_clear_bss.o)
                0x00000076                __do_clear_bss
 *(.init4)
 *(.init5)
 *(.init5)
 *(.init6)
 *(.init6)
 *(.init7)
 *(.init7)
 *(.init8)
 *(.init8)
 *(.init9)
 .init9         0x00000086        0x8 D:/Studies/AMIT Embedded Systems course/Tools/ATMEL Studio/7.0/Packs/atmel/ATmega_DFP/1.6.364/gcc/dev/atmega32/avr5/crtatmega32.o
 *(.init9)
 *(.text)
 .text          0x0000008e        0x4 D:/Studies/AMIT Embedded Systems course/Tools/ATMEL Studio/7.0/Packs/atmel/ATmega_DFP/1.6.364/gcc/dev/atmega32/avr5/crtatmega32.o
                0x0000008e                __vector_1
                0x0000008e                __vector_12
                0x0000008e                __bad_interrupt
                0x0000008e                __vector_6
                0x0000008e                __vector_3
                0x0000008e                __vector_11
                0x0000008e                __vector_13
                0x0000008e                __vector_17
                0x0000008e                __vector_19
                0x0000008e                __vector_7
                0x0000008e                __vector_5
                0x0000008e                __vector_4
                0x0000008e                __vector_9
                0x0000008e                __vector_2
                0x0000008e                __vector_15
                0x0000008e                __vector_8
                0x0000008e                __vector_14
                0x0000008e                __vector_10
                0x0000008e                __vector_16
                0x0000008e                __vector_18
                0x0000008e                __vector_20
                0x00000092                . = ALIGN (0x2)
 *(.text.*)
 .text.Bluetooth_Mod_Init
                0x00000092       0x12 Bluetooth_Mod.o
                0x00000092                Bluetooth_Mod_Init
 .text.Bluetooth_Mod_Ch_Pair
                0x000000a4       0x26 Bluetooth_Mod.o
                0x000000a4                Bluetooth_Mod_Ch_Pair
 .text.Bluetooth_Mod_Tx
                0x000000ca       0x16 Bluetooth_Mod.o
                0x000000ca                Bluetooth_Mod_Tx
 .text.Bluetooth_Mod_Seq_Tx
                0x000000e0       0x1a Bluetooth_Mod.o
                0x000000e0                Bluetooth_Mod_Seq_Tx
 .text.Bluetooth_Mod_Seq_Rx
                0x000000fa       0x1a Bluetooth_Mod.o
                0x000000fa                Bluetooth_Mod_Seq_Rx
 .text.CMD_Bus_HandShake
                0x00000114       0x28 CMD_Bus.o
                0x00000114                CMD_Bus_HandShake
 .text.CMD_Bus_Master_Init
                0x0000013c        0x6 CMD_Bus.o
                0x0000013c                CMD_Bus_Master_Init
 .text.CMD_Bus_Write
                0x00000142       0x32 CMD_Bus.o
                0x00000142                CMD_Bus_Write
 .text.CMD_Bus_Req_Ack
                0x00000174       0x3a CMD_Bus.o
                0x00000174                CMD_Bus_Req_Ack
 .text.Comm_Bridge_Init
                0x000001ae       0xe2 Comm_Bridge.o
                0x000001ae                Comm_Bridge_Init
 .text.Comm_Bridge_BT_Read
                0x00000290       0xac Comm_Bridge.o
                0x00000290                Comm_Bridge_BT_Read
 .text.Comm_Bridge_BT_Send
                0x0000033c       0xa8 Comm_Bridge.o
                0x0000033c                Comm_Bridge_BT_Send
 .text.Comm_Bridge_CMD_Req
                0x000003e4      0x160 Comm_Bridge.o
                0x000003e4                Comm_Bridge_CMD_Req
 .text.DIO_SetPinDir
                0x00000544       0x38 DIO.o
                0x00000544                DIO_SetPinDir
 .text.DIO_SetPinValue
                0x0000057c       0x38 DIO.o
                0x0000057c                DIO_SetPinValue
 .text.DIO_ReadPinValue
                0x000005b4       0x18 DIO.o
                0x000005b4                DIO_ReadPinValue
 .text.LCD_WriteCommand
                0x000005cc       0x9c LCD.o
                0x000005cc                LCD_WriteCommand
 .text.LCD_Init
                0x00000668       0x92 LCD.o
                0x00000668                LCD_Init
 .text.LCD_WriteChar
                0x000006fa       0x9c LCD.o
                0x000006fa                LCD_WriteChar
 .text.LCD_WriteString
                0x00000796       0x26 LCD.o
                0x00000796                LCD_WriteString
 .text.LCD_GoToLocation
                0x000007bc       0x30 LCD.o
                0x000007bc                LCD_GoToLocation
 .text.LCD_Clear
                0x000007ec        0x8 LCD.o
                0x000007ec                LCD_Clear
 .text.main     0x000007f4        0xa main.o
                0x000007f4                main
 .text.Smart_Home_User_Selection
                0x000007fe       0x4a Smart_Home.o
 .text.Smart_Home_Process_N_Respond
                0x00000848       0xac Smart_Home.o
 .text.Smart_Home_Init
                0x000008f4       0x78 Smart_Home.o
                0x000008f4                Smart_Home_Init
 .text.Smart_Home_Run
                0x0000096c        0xa Smart_Home.o
                0x0000096c                Smart_Home_Run
 .text.SPI_Master_Init
                0x00000976       0x62 SPI.o
                0x00000976                SPI_Master_Init
 .text.SPI_Master_InitTrans
                0x000009d8       0x20 SPI.o
                0x000009d8                SPI_Master_InitTrans
 .text.SPI_Master_TermTrans
                0x000009f8        0xe SPI.o
                0x000009f8                SPI_Master_TermTrans
 .text.SPI_Transiver
                0x00000a06       0x1a SPI.o
                0x00000a06                SPI_Transiver
 .text.UART_Init
                0x00000a20       0x2a UART.o
                0x00000a20                UART_Init
 .text.UART_Tx  0x00000a4a        0xe UART.o
                0x00000a4a                UART_Tx
 .text.UART_Rx  0x00000a58        0xe UART.o
                0x00000a58                UART_Rx
 .text.UART_RxString
                0x00000a66       0x40 UART.o
                0x00000a66                UART_RxString
 .text.UART_TxString
                0x00000aa6       0x26 UART.o
                0x00000aa6                UART_TxString
                0x00000acc                . = ALIGN (0x2)
 *(.fini9)
 .fini9         0x00000acc        0x0 d:/studies/amit embedded systems course/tools/atmel studio/7.0/toolchain/avr8/avr8-gnu-toolchain/bin/../lib/gcc/avr/5.4.0/avr5\libgcc.a(_exit.o)
                0x00000acc                _exit
                0x00000acc                exit
 *(.fini9)
 *(.fini8)
 *(.fini8)
 *(.fini7)
 *(.fini7)
 *(.fini6)
 *(.fini6)
 *(.fini5)
 *(.fini5)
 *(.fini4)
 *(.fini4)
 *(.fini3)
 *(.fini3)
 *(.fini2)
 *(.fini2)
 *(.fini1)
 *(.fini1)
 *(.fini0)
 .fini0         0x00000acc        0x4 d:/studies/amit embedded systems course/tools/atmel studio/7.0/toolchain/avr8/avr8-gnu-toolchain/bin/../lib/gcc/avr/5.4.0/avr5\libgcc.a(_exit.o)
 *(.fini0)
                0x00000ad0                _etext = .

.data           0x00800060        0x0 load address 0x00000ad0
                0x00800060                PROVIDE (__data_start, .)
 *(.data)
 *(.data*)
 *(.gnu.linkonce.d*)
 *(.rodata)
 *(.rodata*)
 *(.gnu.linkonce.r*)
                0x00800060                . = ALIGN (0x2)
                0x00800060                _edata = .
                0x00800060                PROVIDE (__data_end, .)

.bss            0x00800060        0x2
                0x00800060                PROVIDE (__bss_start, .)
 *(.bss)
 *(.bss*)
 *(COMMON)
 COMMON         0x00800060        0x2 Smart_Home.o
                0x00800060                User_Selection
                0x00800062                PROVIDE (__bss_end, .)
                0x00000ad0                __data_load_start = LOADADDR (.data)
                0x00000ad0                __data_load_end = (__data_load_start + SIZEOF (.data))

.noinit         0x00800062        0x0
                [!provide]                PROVIDE (__noinit_start, .)
 *(.noinit*)
                [!provide]                PROVIDE (__noinit_end, .)
                0x00800062                _end = .
                [!provide]                PROVIDE (__heap_start, .)

.eeprom         0x00810000        0x0
 *(.eeprom*)
                0x00810000                __eeprom_end = .

.fuse
 *(.fuse)
 *(.lfuse)
 *(.hfuse)
 *(.efuse)

.lock
 *(.lock*)

.signature
 *(.signature*)

.user_signatures
 *(.user_signatures*)

.stab
 *(.stab)

.stabstr
 *(.stabstr)

.stab.excl
 *(.stab.excl)

.stab.exclstr
 *(.stab.exclstr)

.stab.index
 *(.stab.index)

.stab.indexstr
 *(.stab.indexstr)

.comment        0x00000000       0x30
 *(.comment)
 .comment       0x00000000       0x30 Bluetooth_Mod.o
                                 0x31 (size before relaxing)
 .comment       0x00000030       0x31 CMD_Bus.o
 .comment       0x00000030       0x31 Comm_Bridge.o
 .comment       0x00000030       0x31 DIO.o
 .comment       0x00000030       0x31 LCD.o
 .comment       0x00000030       0x31 main.o
 .comment       0x00000030       0x31 Smart_Home.o
 .comment       0x00000030       0x31 SPI.o
 .comment       0x00000030       0x31 UART.o

.note.gnu.avr.deviceinfo
                0x00000000       0x3c
 .note.gnu.avr.deviceinfo
                0x00000000       0x3c D:/Studies/AMIT Embedded Systems course/Tools/ATMEL Studio/7.0/Packs/atmel/ATmega_DFP/1.6.364/gcc/dev/atmega32/avr5/crtatmega32.o

.note.gnu.build-id
 *(.note.gnu.build-id)

.debug
 *(.debug)

.line
 *(.line)

.debug_srcinfo
 *(.debug_srcinfo)

.debug_sfnames
 *(.debug_sfnames)

.debug_aranges  0x00000000      0x278
 *(.debug_aranges)
 .debug_aranges
                0x00000000       0x48 Bluetooth_Mod.o
 .debug_aranges
                0x00000048       0x50 CMD_Bus.o
 .debug_aranges
                0x00000098       0x50 Comm_Bridge.o
 .debug_aranges
                0x000000e8       0x68 DIO.o
 .debug_aranges
                0x00000150       0x50 LCD.o
 .debug_aranges
                0x000001a0       0x20 main.o
 .debug_aranges
                0x000001c0       0x38 Smart_Home.o
 .debug_aranges
                0x000001f8       0x40 SPI.o
 .debug_aranges
                0x00000238       0x40 UART.o

.debug_pubnames
 *(.debug_pubnames)

.debug_info     0x00000000     0x33fd
 *(.debug_info .gnu.linkonce.wi.*)
 .debug_info    0x00000000      0x4e6 D:/Studies/AMIT Embedded Systems course/Tools/ATMEL Studio/7.0/Packs/atmel/ATmega_DFP/1.6.364/gcc/dev/atmega32/avr5/crtatmega32.o
 .debug_info    0x000004e6      0x2c3 Bluetooth_Mod.o
 .debug_info    0x000007a9      0x36f CMD_Bus.o
 .debug_info    0x00000b18     0x108e Comm_Bridge.o
 .debug_info    0x00001ba6      0x310 DIO.o
 .debug_info    0x00001eb6      0x805 LCD.o
 .debug_info    0x000026bb       0xca main.o
 .debug_info    0x00002785      0x681 Smart_Home.o
 .debug_info    0x00002e06      0x406 SPI.o
 .debug_info    0x0000320c      0x1f1 UART.o

.debug_abbrev   0x00000000      0xfb7
 *(.debug_abbrev)
 .debug_abbrev  0x00000000      0x4a3 D:/Studies/AMIT Embedded Systems course/Tools/ATMEL Studio/7.0/Packs/atmel/ATmega_DFP/1.6.364/gcc/dev/atmega32/avr5/crtatmega32.o
 .debug_abbrev  0x000004a3      0x13f Bluetooth_Mod.o
 .debug_abbrev  0x000005e2       0xe4 CMD_Bus.o
 .debug_abbrev  0x000006c6      0x210 Comm_Bridge.o
 .debug_abbrev  0x000008d6       0xd7 DIO.o
 .debug_abbrev  0x000009ad      0x19f LCD.o
 .debug_abbrev  0x00000b4c       0x68 main.o
 .debug_abbrev  0x00000bb4      0x176 Smart_Home.o
 .debug_abbrev  0x00000d2a      0x168 SPI.o
 .debug_abbrev  0x00000e92      0x125 UART.o

.debug_line     0x00000000     0x1604
 *(.debug_line .debug_line.* .debug_line_end)
 .debug_line    0x00000000      0x116 D:/Studies/AMIT Embedded Systems course/Tools/ATMEL Studio/7.0/Packs/atmel/ATmega_DFP/1.6.364/gcc/dev/atmega32/avr5/crtatmega32.o
 .debug_line    0x00000116      0x147 Bluetooth_Mod.o
 .debug_line    0x0000025d      0x233 CMD_Bus.o
 .debug_line    0x00000490      0x654 Comm_Bridge.o
 .debug_line    0x00000ae4      0x129 DIO.o
 .debug_line    0x00000c0d      0x37c LCD.o
 .debug_line    0x00000f89       0x59 main.o
 .debug_line    0x00000fe2      0x2c5 Smart_Home.o
 .debug_line    0x000012a7      0x224 SPI.o
 .debug_line    0x000014cb      0x139 UART.o

.debug_frame    0x00000000      0x548
 *(.debug_frame)
 .debug_frame   0x00000000       0xa4 Bluetooth_Mod.o
 .debug_frame   0x000000a4       0xbc CMD_Bus.o
 .debug_frame   0x00000160       0xe0 Comm_Bridge.o
 .debug_frame   0x00000240       0xb4 DIO.o
 .debug_frame   0x000002f4       0xd8 LCD.o
 .debug_frame   0x000003cc       0x24 main.o
 .debug_frame   0x000003f0       0x5c Smart_Home.o
 .debug_frame   0x0000044c       0x6c SPI.o
 .debug_frame   0x000004b8       0x90 UART.o

.debug_str      0x00000000      0x985
 *(.debug_str)
 .debug_str     0x00000000      0x196 D:/Studies/AMIT Embedded Systems course/Tools/ATMEL Studio/7.0/Packs/atmel/ATmega_DFP/1.6.364/gcc/dev/atmega32/avr5/crtatmega32.o
 .debug_str     0x00000196      0x2a8 Bluetooth_Mod.o
                                0x2cf (size before relaxing)
 .debug_str     0x0000043e      0x1b4 CMD_Bus.o
                                0x383 (size before relaxing)
 .debug_str     0x000005f2      0x1a8 Comm_Bridge.o
                                0x511 (size before relaxing)
 .debug_str     0x0000079a       0x8d DIO.o
                                0x26b (size before relaxing)
 .debug_str     0x00000827       0x90 LCD.o
                                0x30c (size before relaxing)
 .debug_str     0x000008b7       0x30 main.o
                                0x202 (size before relaxing)
 .debug_str     0x000008e7       0x5c Smart_Home.o
                                0x402 (size before relaxing)
 .debug_str     0x00000943       0x30 SPI.o
                                0x2d4 (size before relaxing)
 .debug_str     0x00000973       0x12 UART.o
                                0x215 (size before relaxing)

.debug_loc      0x00000000     0x1804
 *(.debug_loc)
 .debug_loc     0x00000000      0x160 Bluetooth_Mod.o
 .debug_loc     0x00000160      0x26f CMD_Bus.o
 .debug_loc     0x000003cf      0x8bf Comm_Bridge.o
 .debug_loc     0x00000c8e       0xf8 DIO.o
 .debug_loc     0x00000d86      0x549 LCD.o
 .debug_loc     0x000012cf      0x2b8 Smart_Home.o
 .debug_loc     0x00001587      0x114 SPI.o
 .debug_loc     0x0000169b      0x169 UART.o

.debug_macinfo
 *(.debug_macinfo)

.debug_weaknames
 *(.debug_weaknames)

.debug_funcnames
 *(.debug_funcnames)

.debug_typenames
 *(.debug_typenames)

.debug_varnames
 *(.debug_varnames)

.debug_pubtypes
 *(.debug_pubtypes)

.debug_ranges   0x00000000      0x1e8
 *(.debug_ranges)
 .debug_ranges  0x00000000       0x38 Bluetooth_Mod.o
 .debug_ranges  0x00000038       0x40 CMD_Bus.o
 .debug_ranges  0x00000078       0x40 Comm_Bridge.o
 .debug_ranges  0x000000b8       0x58 DIO.o
 .debug_ranges  0x00000110       0x40 LCD.o
 .debug_ranges  0x00000150       0x10 main.o
 .debug_ranges  0x00000160       0x28 Smart_Home.o
 .debug_ranges  0x00000188       0x30 SPI.o
 .debug_ranges  0x000001b8       0x30 UART.o

.debug_macro
 *(.debug_macro)
OUTPUT(Smart_Home_CTRL_Test.elf elf32-avr)
LOAD linker stubs
