Archive member included to satisfy reference by file (symbol)

d:/studies/amit embedded systems course/tools/atmel studio/7.0/toolchain/avr8/avr8-gnu-toolchain/bin/../lib/gcc/avr/5.4.0/avr5\libgcc.a(_divmodsi4.o)
                              LCD.o (__divmodsi4)
d:/studies/amit embedded systems course/tools/atmel studio/7.0/toolchain/avr8/avr8-gnu-toolchain/bin/../lib/gcc/avr/5.4.0/avr5\libgcc.a(_negsi2.o)
                              d:/studies/amit embedded systems course/tools/atmel studio/7.0/toolchain/avr8/avr8-gnu-toolchain/bin/../lib/gcc/avr/5.4.0/avr5\libgcc.a(_divmodsi4.o) (__negsi2)
d:/studies/amit embedded systems course/tools/atmel studio/7.0/toolchain/avr8/avr8-gnu-toolchain/bin/../lib/gcc/avr/5.4.0/avr5\libgcc.a(_exit.o)
                              D:/Studies/AMIT Embedded Systems course/Tools/ATMEL Studio/7.0/Packs/atmel/ATmega_DFP/1.6.364/gcc/dev/atmega32/avr5/crtatmega32.o (exit)
d:/studies/amit embedded systems course/tools/atmel studio/7.0/toolchain/avr8/avr8-gnu-toolchain/bin/../lib/gcc/avr/5.4.0/avr5\libgcc.a(_copy_data.o)
                              Devices.o (__do_copy_data)
d:/studies/amit embedded systems course/tools/atmel studio/7.0/toolchain/avr8/avr8-gnu-toolchain/bin/../lib/gcc/avr/5.4.0/avr5\libgcc.a(_clear_bss.o)
                              Devices.o (__do_clear_bss)
d:/studies/amit embedded systems course/tools/atmel studio/7.0/toolchain/avr8/avr8-gnu-toolchain/bin/../lib/gcc/avr/5.4.0/avr5\libgcc.a(_umulhisi3.o)
                              LCD.o (__umulhisi3)
d:/studies/amit embedded systems course/tools/atmel studio/7.0/toolchain/avr8/avr8-gnu-toolchain/bin/../lib/gcc/avr/5.4.0/avr5\libgcc.a(_udivmodsi4.o)
                              d:/studies/amit embedded systems course/tools/atmel studio/7.0/toolchain/avr8/avr8-gnu-toolchain/bin/../lib/gcc/avr/5.4.0/avr5\libgcc.a(_divmodsi4.o) (__udivmodsi4)

Allocating common symbols
Common symbol       size              file

User_Selection      0x2               Smart_Home.o
Smart_Home_Devices  0x1e              Devices.o

Discarded input sections

 .data          0x00000000        0x0 D:/Studies/AMIT Embedded Systems course/Tools/ATMEL Studio/7.0/Packs/atmel/ATmega_DFP/1.6.364/gcc/dev/atmega32/avr5/crtatmega32.o
 .bss           0x00000000        0x0 D:/Studies/AMIT Embedded Systems course/Tools/ATMEL Studio/7.0/Packs/atmel/ATmega_DFP/1.6.364/gcc/dev/atmega32/avr5/crtatmega32.o
 .text          0x00000000        0x0 Bluetooth_Mod.o
 .data          0x00000000        0x0 Bluetooth_Mod.o
 .bss           0x00000000        0x0 Bluetooth_Mod.o
 .text.Bluetooth_Mod_Init
                0x00000000       0x12 Bluetooth_Mod.o
 .text.Bluetooth_Mod_Ch_Pair
                0x00000000       0x26 Bluetooth_Mod.o
 .text.Bluetooth_Mod_Tx
                0x00000000       0x16 Bluetooth_Mod.o
 .text.Bluetooth_Mod_Rx
                0x00000000        0xe Bluetooth_Mod.o
 .text.Bluetooth_Mod_Seq_Tx
                0x00000000       0x1a Bluetooth_Mod.o
 .text.Bluetooth_Mod_Seq_Rx
                0x00000000       0x1a Bluetooth_Mod.o
 .debug_info    0x00000000      0x2c3 Bluetooth_Mod.o
 .debug_abbrev  0x00000000      0x13f Bluetooth_Mod.o
 .debug_loc     0x00000000      0x160 Bluetooth_Mod.o
 .debug_aranges
                0x00000000       0x48 Bluetooth_Mod.o
 .debug_ranges  0x00000000       0x38 Bluetooth_Mod.o
 .debug_line    0x00000000      0x147 Bluetooth_Mod.o
 .debug_str     0x00000000      0x2c9 Bluetooth_Mod.o
 .comment       0x00000000       0x31 Bluetooth_Mod.o
 .debug_frame   0x00000000       0xa4 Bluetooth_Mod.o
 .text          0x00000000        0x0 CMD_Bus.o
 .data          0x00000000        0x0 CMD_Bus.o
 .bss           0x00000000        0x0 CMD_Bus.o
 .text.CMD_Bus_HandShake
                0x00000000       0x24 CMD_Bus.o
 .text.CMD_Bus_Master_Init
                0x00000000        0x6 CMD_Bus.o
 .text.CMD_Bus_Slave_Init
                0x00000000        0x6 CMD_Bus.o
 .text.CMD_Bus_Write
                0x00000000       0x2e CMD_Bus.o
 .text.CMD_Bus_Read
                0x00000000       0x2a CMD_Bus.o
 .text.CMD_Bus_Req_Ack
                0x00000000       0x36 CMD_Bus.o
 .text.CMD_Bus_Res_Ack
                0x00000000       0x36 CMD_Bus.o
 .debug_info    0x00000000      0x351 CMD_Bus.o
 .debug_abbrev  0x00000000       0xe4 CMD_Bus.o
 .debug_loc     0x00000000      0x24b CMD_Bus.o
 .debug_aranges
                0x00000000       0x50 CMD_Bus.o
 .debug_ranges  0x00000000       0x40 CMD_Bus.o
 .debug_line    0x00000000      0x1f2 CMD_Bus.o
 .debug_str     0x00000000      0x37d CMD_Bus.o
 .comment       0x00000000       0x31 CMD_Bus.o
 .debug_frame   0x00000000       0xbc CMD_Bus.o
 .text          0x00000000        0x0 Comm_Bridge.o
 .data          0x00000000        0x0 Comm_Bridge.o
 .bss           0x00000000        0x0 Comm_Bridge.o
 .text.Comm_Bridge_Init
                0x00000000       0x3e Comm_Bridge.o
 .text.Comm_Bridge_BT_Read
                0x00000000       0x32 Comm_Bridge.o
 .text.Comm_Bridge_BT_Send
                0x00000000       0x42 Comm_Bridge.o
 .text.Comm_Bridge_BT_SendStream
                0x00000000       0x18 Comm_Bridge.o
 .text.Comm_Bridge_CMD_Req
                0x00000000       0xe8 Comm_Bridge.o
 .text.Comm_Bridge_CMD_Read_Req
                0x00000000       0x38 Comm_Bridge.o
 .text.Comm_Bridge_CMD_Res
                0x00000000       0x96 Comm_Bridge.o
 .debug_info    0x00000000      0x96c Comm_Bridge.o
 .debug_abbrev  0x00000000      0x1e6 Comm_Bridge.o
 .debug_loc     0x00000000      0x4c2 Comm_Bridge.o
 .debug_aranges
                0x00000000       0x50 Comm_Bridge.o
 .debug_ranges  0x00000000       0x40 Comm_Bridge.o
 .debug_line    0x00000000      0x437 Comm_Bridge.o
 .debug_str     0x00000000      0x9b7 Comm_Bridge.o
 .comment       0x00000000       0x31 Comm_Bridge.o
 .debug_frame   0x00000000       0xd0 Comm_Bridge.o
 .text          0x00000000        0x0 Devices.o
 .data          0x00000000        0x0 Devices.o
 .bss           0x00000000        0x0 Devices.o
 .rodata        0x00000000       0x18 Devices.o
 .text.Devices_DB_Config
                0x00000000       0xd6 Devices.o
 .text.Devices_Init
                0x00000000       0x4e Devices.o
 .text.Dev_Op_Check_Valid
                0x00000000       0x6a Devices.o
 .text.Device_Apply_Request
                0x00000000       0x68 Devices.o
 .debug_info    0x00000000      0x4bf Devices.o
 .debug_abbrev  0x00000000      0x178 Devices.o
 .debug_loc     0x00000000      0x225 Devices.o
 .debug_aranges
                0x00000000       0x38 Devices.o
 .debug_ranges  0x00000000       0x28 Devices.o
 .debug_line    0x00000000      0x1a8 Devices.o
 .debug_str     0x00000000      0x7f4 Devices.o
 .comment       0x00000000       0x31 Devices.o
 .debug_frame   0x00000000       0x90 Devices.o
 COMMON         0x00000000       0x1e Devices.o
 .text          0x00000000        0x0 DIO.o
 .data          0x00000000        0x0 DIO.o
 .bss           0x00000000        0x0 DIO.o
 .text.DIO_SetPortDir
                0x00000000        0x6 DIO.o
 .text.DIO_SetPortValue
                0x00000000        0x6 DIO.o
 .text.DIO_ReadPortValue
                0x00000000        0xa DIO.o
 .text.DIO_ReadPinValue
                0x00000000       0x18 DIO.o
 .text.DIO_TogglePort
                0x00000000        0xa DIO.o
 .text.DIO_TogglePin
                0x00000000       0x18 DIO.o
 .text.DIO_SetPortPullup
                0x00000000        0x8 DIO.o
 .text.DIO_SetPinPullup
                0x00000000       0x18 DIO.o
 .text          0x00000000        0x0 I2C.o
 .data          0x00000000        0x0 I2C.o
 .bss           0x00000000        0x0 I2C.o
 .text.I2C_Master_Init
                0x00000000       0x10 I2C.o
 .text.I2C_Slave_Init
                0x00000000        0xa I2C.o
 .text.I2C_Start_Condition
                0x00000000       0x14 I2C.o
 .text.I2C_RepeatedStart
                0x00000000       0x14 I2C.o
 .text.I2C_Send_SlaveAddr_Write_Op
                0x00000000       0x18 I2C.o
 .text.I2C_Send_SlaveAddr_Read_Op
                0x00000000       0x1e I2C.o
 .text.I2C_Send_DataByte
                0x00000000       0x16 I2C.o
 .text.I2C_Read_DataByte
                0x00000000       0x16 I2C.o
 .text.I2C_Stop_Condition
                0x00000000        0x6 I2C.o
 .debug_info    0x00000000      0x173 I2C.o
 .debug_abbrev  0x00000000       0x89 I2C.o
 .debug_loc     0x00000000       0x6f I2C.o
 .debug_aranges
                0x00000000       0x60 I2C.o
 .debug_ranges  0x00000000       0x50 I2C.o
 .debug_line    0x00000000      0x1c8 I2C.o
 .debug_str     0x00000000      0x273 I2C.o
 .comment       0x00000000       0x31 I2C.o
 .debug_frame   0x00000000       0xa4 I2C.o
 .text          0x00000000        0x0 LCD.o
 .data          0x00000000        0x0 LCD.o
 .bss           0x00000000        0x0 LCD.o
 .text.LCD_WriteInteger
                0x00000000       0xf4 LCD.o
 .text          0x00000000        0x0 LED.o
 .data          0x00000000        0x0 LED.o
 .bss           0x00000000        0x0 LED.o
 .text.LED0_Init
                0x00000000        0xe LED.o
 .text.LED1_Init
                0x00000000        0xe LED.o
 .text.LED2_Init
                0x00000000        0xe LED.o
 .text.LED0_ON  0x00000000        0xe LED.o
 .text.LED1_ON  0x00000000        0xe LED.o
 .text.LED2_ON  0x00000000        0xe LED.o
 .text.LED0_OFF
                0x00000000        0xe LED.o
 .text.LED1_OFF
                0x00000000        0xe LED.o
 .text.LED2_OFF
                0x00000000        0xe LED.o
 .text.LED0_Toggle
                0x00000000        0xc LED.o
 .text.LED1_Toggle
                0x00000000        0xc LED.o
 .text.LED2_Toggle
                0x00000000        0xc LED.o
 .text.LED_Init
                0x00000000       0x60 LED.o
 .text.LED_ON   0x00000000       0x36 LED.o
 .text.LED_OFF  0x00000000       0x36 LED.o
 .text.LED_Toggle
                0x00000000       0x30 LED.o
 .debug_info    0x00000000      0x616 LED.o
 .debug_abbrev  0x00000000       0xbf LED.o
 .debug_loc     0x00000000      0x165 LED.o
 .debug_aranges
                0x00000000       0x98 LED.o
 .debug_ranges  0x00000000       0x88 LED.o
 .debug_line    0x00000000      0x23e LED.o
 .debug_str     0x00000000      0x27d LED.o
 .comment       0x00000000       0x31 LED.o
 .debug_frame   0x00000000      0x114 LED.o
 .text          0x00000000        0x0 main.o
 .data          0x00000000        0x0 main.o
 .bss           0x00000000        0x0 main.o
 .text          0x00000000        0x0 Smart_Home.o
 .data          0x00000000        0x0 Smart_Home.o
 .bss           0x00000000        0x0 Smart_Home.o
 .text.Smart_Home_Read_N_Decode
                0x00000000       0x1e Smart_Home.o
 .text.Smart_Home_Process_N_Respond
                0x00000000       0x4a Smart_Home.o
 .text.Smart_Home_Init
                0x00000000       0x26 Smart_Home.o
 .text.Smart_Home_Run
                0x00000000        0xa Smart_Home.o
 .bss.Selected_Operation
                0x00000000        0x1 Smart_Home.o
 .bss.Selected_Device
                0x00000000        0x1 Smart_Home.o
 .debug_info    0x00000000      0x56e Smart_Home.o
 .debug_abbrev  0x00000000      0x152 Smart_Home.o
 .debug_loc     0x00000000       0x48 Smart_Home.o
 .debug_aranges
                0x00000000       0x38 Smart_Home.o
 .debug_ranges  0x00000000       0x28 Smart_Home.o
 .debug_line    0x00000000      0x133 Smart_Home.o
 .debug_str     0x00000000      0x946 Smart_Home.o
 .comment       0x00000000       0x31 Smart_Home.o
 .debug_frame   0x00000000       0x64 Smart_Home.o
 COMMON         0x00000000        0x2 Smart_Home.o
 .text          0x00000000        0x0 SPI.o
 .data          0x00000000        0x0 SPI.o
 .bss           0x00000000        0x0 SPI.o
 .text.SPI_Master_Init
                0x00000000       0x56 SPI.o
 .text.SPI_Master_InitTrans
                0x00000000       0x20 SPI.o
 .text.SPI_Master_TermTrans
                0x00000000        0xe SPI.o
 .text.SPI_Transiver
                0x00000000       0x2c SPI.o
 .text.SPI_Slave_Init
                0x00000000       0x14 SPI.o
 .debug_info    0x00000000      0x389 SPI.o
 .debug_abbrev  0x00000000      0x168 SPI.o
 .debug_loc     0x00000000      0x161 SPI.o
 .debug_aranges
                0x00000000       0x40 SPI.o
 .debug_ranges  0x00000000       0x30 SPI.o
 .debug_line    0x00000000      0x233 SPI.o
 .debug_str     0x00000000      0x2e6 SPI.o
 .comment       0x00000000       0x31 SPI.o
 .debug_frame   0x00000000       0x6c SPI.o
 .text          0x00000000        0x0 Status_FollowUp.o
 .data          0x00000000        0x0 Status_FollowUp.o
 .bss           0x00000000        0x0 Status_FollowUp.o
 .text.Status_Disp_LCD_IncludeInteger
                0x00000000       0x5e Status_FollowUp.o
 .text.Status_Send_BT
                0x00000000       0x12 Status_FollowUp.o
 .data.BT_Text_Options
                0x00000000       0x5a Status_FollowUp.o
 .text          0x00000000        0x0 UART.o
 .data          0x00000000        0x0 UART.o
 .bss           0x00000000        0x0 UART.o
 .text.UART_Init
                0x00000000       0x2a UART.o
 .text.UART_Tx  0x00000000        0xe UART.o
 .text.UART_Rx  0x00000000        0xe UART.o
 .text.UART_RxString
                0x00000000       0x40 UART.o
 .text.UART_TxString
                0x00000000       0x26 UART.o
 .debug_info    0x00000000      0x1f1 UART.o
 .debug_abbrev  0x00000000      0x125 UART.o
 .debug_loc     0x00000000      0x169 UART.o
 .debug_aranges
                0x00000000       0x40 UART.o
 .debug_ranges  0x00000000       0x30 UART.o
 .debug_line    0x00000000      0x139 UART.o
 .debug_str     0x00000000      0x20f UART.o
 .comment       0x00000000       0x31 UART.o
 .debug_frame   0x00000000       0x90 UART.o
 .text          0x00000000        0x0 d:/studies/amit embedded systems course/tools/atmel studio/7.0/toolchain/avr8/avr8-gnu-toolchain/bin/../lib/gcc/avr/5.4.0/avr5\libgcc.a(_divmodsi4.o)
 .data          0x00000000        0x0 d:/studies/amit embedded systems course/tools/atmel studio/7.0/toolchain/avr8/avr8-gnu-toolchain/bin/../lib/gcc/avr/5.4.0/avr5\libgcc.a(_divmodsi4.o)
 .bss           0x00000000        0x0 d:/studies/amit embedded systems course/tools/atmel studio/7.0/toolchain/avr8/avr8-gnu-toolchain/bin/../lib/gcc/avr/5.4.0/avr5\libgcc.a(_divmodsi4.o)
 .text.libgcc.mul
                0x00000000        0x0 d:/studies/amit embedded systems course/tools/atmel studio/7.0/toolchain/avr8/avr8-gnu-toolchain/bin/../lib/gcc/avr/5.4.0/avr5\libgcc.a(_divmodsi4.o)
 .text.libgcc.div
                0x00000000       0x2e d:/studies/amit embedded systems course/tools/atmel studio/7.0/toolchain/avr8/avr8-gnu-toolchain/bin/../lib/gcc/avr/5.4.0/avr5\libgcc.a(_divmodsi4.o)
 .text.libgcc   0x00000000        0x0 d:/studies/amit embedded systems course/tools/atmel studio/7.0/toolchain/avr8/avr8-gnu-toolchain/bin/../lib/gcc/avr/5.4.0/avr5\libgcc.a(_divmodsi4.o)
 .text.libgcc.prologue
                0x00000000        0x0 d:/studies/amit embedded systems course/tools/atmel studio/7.0/toolchain/avr8/avr8-gnu-toolchain/bin/../lib/gcc/avr/5.4.0/avr5\libgcc.a(_divmodsi4.o)
 .text.libgcc.builtins
                0x00000000        0x0 d:/studies/amit embedded systems course/tools/atmel studio/7.0/toolchain/avr8/avr8-gnu-toolchain/bin/../lib/gcc/avr/5.4.0/avr5\libgcc.a(_divmodsi4.o)
 .text.libgcc.fmul
                0x00000000        0x0 d:/studies/amit embedded systems course/tools/atmel studio/7.0/toolchain/avr8/avr8-gnu-toolchain/bin/../lib/gcc/avr/5.4.0/avr5\libgcc.a(_divmodsi4.o)
 .text.libgcc.fixed
                0x00000000        0x0 d:/studies/amit embedded systems course/tools/atmel studio/7.0/toolchain/avr8/avr8-gnu-toolchain/bin/../lib/gcc/avr/5.4.0/avr5\libgcc.a(_divmodsi4.o)
 .text          0x00000000        0x0 d:/studies/amit embedded systems course/tools/atmel studio/7.0/toolchain/avr8/avr8-gnu-toolchain/bin/../lib/gcc/avr/5.4.0/avr5\libgcc.a(_negsi2.o)
 .data          0x00000000        0x0 d:/studies/amit embedded systems course/tools/atmel studio/7.0/toolchain/avr8/avr8-gnu-toolchain/bin/../lib/gcc/avr/5.4.0/avr5\libgcc.a(_negsi2.o)
 .bss           0x00000000        0x0 d:/studies/amit embedded systems course/tools/atmel studio/7.0/toolchain/avr8/avr8-gnu-toolchain/bin/../lib/gcc/avr/5.4.0/avr5\libgcc.a(_negsi2.o)
 .text.libgcc.mul
                0x00000000        0x0 d:/studies/amit embedded systems course/tools/atmel studio/7.0/toolchain/avr8/avr8-gnu-toolchain/bin/../lib/gcc/avr/5.4.0/avr5\libgcc.a(_negsi2.o)
 .text.libgcc.div
                0x00000000       0x10 d:/studies/amit embedded systems course/tools/atmel studio/7.0/toolchain/avr8/avr8-gnu-toolchain/bin/../lib/gcc/avr/5.4.0/avr5\libgcc.a(_negsi2.o)
 .text.libgcc   0x00000000        0x0 d:/studies/amit embedded systems course/tools/atmel studio/7.0/toolchain/avr8/avr8-gnu-toolchain/bin/../lib/gcc/avr/5.4.0/avr5\libgcc.a(_negsi2.o)
 .text.libgcc.prologue
                0x00000000        0x0 d:/studies/amit embedded systems course/tools/atmel studio/7.0/toolchain/avr8/avr8-gnu-toolchain/bin/../lib/gcc/avr/5.4.0/avr5\libgcc.a(_negsi2.o)
 .text.libgcc.builtins
                0x00000000        0x0 d:/studies/amit embedded systems course/tools/atmel studio/7.0/toolchain/avr8/avr8-gnu-toolchain/bin/../lib/gcc/avr/5.4.0/avr5\libgcc.a(_negsi2.o)
 .text.libgcc.fmul
                0x00000000        0x0 d:/studies/amit embedded systems course/tools/atmel studio/7.0/toolchain/avr8/avr8-gnu-toolchain/bin/../lib/gcc/avr/5.4.0/avr5\libgcc.a(_negsi2.o)
 .text.libgcc.fixed
                0x00000000        0x0 d:/studies/amit embedded systems course/tools/atmel studio/7.0/toolchain/avr8/avr8-gnu-toolchain/bin/../lib/gcc/avr/5.4.0/avr5\libgcc.a(_negsi2.o)
 .text          0x00000000        0x0 d:/studies/amit embedded systems course/tools/atmel studio/7.0/toolchain/avr8/avr8-gnu-toolchain/bin/../lib/gcc/avr/5.4.0/avr5\libgcc.a(_exit.o)
 .data          0x00000000        0x0 d:/studies/amit embedded systems course/tools/atmel studio/7.0/toolchain/avr8/avr8-gnu-toolchain/bin/../lib/gcc/avr/5.4.0/avr5\libgcc.a(_exit.o)
 .bss           0x00000000        0x0 d:/studies/amit embedded systems course/tools/atmel studio/7.0/toolchain/avr8/avr8-gnu-toolchain/bin/../lib/gcc/avr/5.4.0/avr5\libgcc.a(_exit.o)
 .text.libgcc.mul
                0x00000000        0x0 d:/studies/amit embedded systems course/tools/atmel studio/7.0/toolchain/avr8/avr8-gnu-toolchain/bin/../lib/gcc/avr/5.4.0/avr5\libgcc.a(_exit.o)
 .text.libgcc.div
                0x00000000        0x0 d:/studies/amit embedded systems course/tools/atmel studio/7.0/toolchain/avr8/avr8-gnu-toolchain/bin/../lib/gcc/avr/5.4.0/avr5\libgcc.a(_exit.o)
 .text.libgcc   0x00000000        0x0 d:/studies/amit embedded systems course/tools/atmel studio/7.0/toolchain/avr8/avr8-gnu-toolchain/bin/../lib/gcc/avr/5.4.0/avr5\libgcc.a(_exit.o)
 .text.libgcc.prologue
                0x00000000        0x0 d:/studies/amit embedded systems course/tools/atmel studio/7.0/toolchain/avr8/avr8-gnu-toolchain/bin/../lib/gcc/avr/5.4.0/avr5\libgcc.a(_exit.o)
 .text.libgcc.builtins
                0x00000000        0x0 d:/studies/amit embedded systems course/tools/atmel studio/7.0/toolchain/avr8/avr8-gnu-toolchain/bin/../lib/gcc/avr/5.4.0/avr5\libgcc.a(_exit.o)
 .text.libgcc.fmul
                0x00000000        0x0 d:/studies/amit embedded systems course/tools/atmel studio/7.0/toolchain/avr8/avr8-gnu-toolchain/bin/../lib/gcc/avr/5.4.0/avr5\libgcc.a(_exit.o)
 .text.libgcc.fixed
                0x00000000        0x0 d:/studies/amit embedded systems course/tools/atmel studio/7.0/toolchain/avr8/avr8-gnu-toolchain/bin/../lib/gcc/avr/5.4.0/avr5\libgcc.a(_exit.o)
 .text          0x00000000        0x0 d:/studies/amit embedded systems course/tools/atmel studio/7.0/toolchain/avr8/avr8-gnu-toolchain/bin/../lib/gcc/avr/5.4.0/avr5\libgcc.a(_copy_data.o)
 .data          0x00000000        0x0 d:/studies/amit embedded systems course/tools/atmel studio/7.0/toolchain/avr8/avr8-gnu-toolchain/bin/../lib/gcc/avr/5.4.0/avr5\libgcc.a(_copy_data.o)
 .bss           0x00000000        0x0 d:/studies/amit embedded systems course/tools/atmel studio/7.0/toolchain/avr8/avr8-gnu-toolchain/bin/../lib/gcc/avr/5.4.0/avr5\libgcc.a(_copy_data.o)
 .text.libgcc.mul
                0x00000000        0x0 d:/studies/amit embedded systems course/tools/atmel studio/7.0/toolchain/avr8/avr8-gnu-toolchain/bin/../lib/gcc/avr/5.4.0/avr5\libgcc.a(_copy_data.o)
 .text.libgcc.div
                0x00000000        0x0 d:/studies/amit embedded systems course/tools/atmel studio/7.0/toolchain/avr8/avr8-gnu-toolchain/bin/../lib/gcc/avr/5.4.0/avr5\libgcc.a(_copy_data.o)
 .text.libgcc   0x00000000        0x0 d:/studies/amit embedded systems course/tools/atmel studio/7.0/toolchain/avr8/avr8-gnu-toolchain/bin/../lib/gcc/avr/5.4.0/avr5\libgcc.a(_copy_data.o)
 .text.libgcc.prologue
                0x00000000        0x0 d:/studies/amit embedded systems course/tools/atmel studio/7.0/toolchain/avr8/avr8-gnu-toolchain/bin/../lib/gcc/avr/5.4.0/avr5\libgcc.a(_copy_data.o)
 .text.libgcc.builtins
                0x00000000        0x0 d:/studies/amit embedded systems course/tools/atmel studio/7.0/toolchain/avr8/avr8-gnu-toolchain/bin/../lib/gcc/avr/5.4.0/avr5\libgcc.a(_copy_data.o)
 .text.libgcc.fmul
                0x00000000        0x0 d:/studies/amit embedded systems course/tools/atmel studio/7.0/toolchain/avr8/avr8-gnu-toolchain/bin/../lib/gcc/avr/5.4.0/avr5\libgcc.a(_copy_data.o)
 .text.libgcc.fixed
                0x00000000        0x0 d:/studies/amit embedded systems course/tools/atmel studio/7.0/toolchain/avr8/avr8-gnu-toolchain/bin/../lib/gcc/avr/5.4.0/avr5\libgcc.a(_copy_data.o)
 .text          0x00000000        0x0 d:/studies/amit embedded systems course/tools/atmel studio/7.0/toolchain/avr8/avr8-gnu-toolchain/bin/../lib/gcc/avr/5.4.0/avr5\libgcc.a(_clear_bss.o)
 .data          0x00000000        0x0 d:/studies/amit embedded systems course/tools/atmel studio/7.0/toolchain/avr8/avr8-gnu-toolchain/bin/../lib/gcc/avr/5.4.0/avr5\libgcc.a(_clear_bss.o)
 .bss           0x00000000        0x0 d:/studies/amit embedded systems course/tools/atmel studio/7.0/toolchain/avr8/avr8-gnu-toolchain/bin/../lib/gcc/avr/5.4.0/avr5\libgcc.a(_clear_bss.o)
 .text.libgcc.mul
                0x00000000        0x0 d:/studies/amit embedded systems course/tools/atmel studio/7.0/toolchain/avr8/avr8-gnu-toolchain/bin/../lib/gcc/avr/5.4.0/avr5\libgcc.a(_clear_bss.o)
 .text.libgcc.div
                0x00000000        0x0 d:/studies/amit embedded systems course/tools/atmel studio/7.0/toolchain/avr8/avr8-gnu-toolchain/bin/../lib/gcc/avr/5.4.0/avr5\libgcc.a(_clear_bss.o)
 .text.libgcc   0x00000000        0x0 d:/studies/amit embedded systems course/tools/atmel studio/7.0/toolchain/avr8/avr8-gnu-toolchain/bin/../lib/gcc/avr/5.4.0/avr5\libgcc.a(_clear_bss.o)
 .text.libgcc.prologue
                0x00000000        0x0 d:/studies/amit embedded systems course/tools/atmel studio/7.0/toolchain/avr8/avr8-gnu-toolchain/bin/../lib/gcc/avr/5.4.0/avr5\libgcc.a(_clear_bss.o)
 .text.libgcc.builtins
                0x00000000        0x0 d:/studies/amit embedded systems course/tools/atmel studio/7.0/toolchain/avr8/avr8-gnu-toolchain/bin/../lib/gcc/avr/5.4.0/avr5\libgcc.a(_clear_bss.o)
 .text.libgcc.fmul
                0x00000000        0x0 d:/studies/amit embedded systems course/tools/atmel studio/7.0/toolchain/avr8/avr8-gnu-toolchain/bin/../lib/gcc/avr/5.4.0/avr5\libgcc.a(_clear_bss.o)
 .text.libgcc.fixed
                0x00000000        0x0 d:/studies/amit embedded systems course/tools/atmel studio/7.0/toolchain/avr8/avr8-gnu-toolchain/bin/../lib/gcc/avr/5.4.0/avr5\libgcc.a(_clear_bss.o)
 .text          0x00000000        0x0 d:/studies/amit embedded systems course/tools/atmel studio/7.0/toolchain/avr8/avr8-gnu-toolchain/bin/../lib/gcc/avr/5.4.0/avr5\libgcc.a(_umulhisi3.o)
 .data          0x00000000        0x0 d:/studies/amit embedded systems course/tools/atmel studio/7.0/toolchain/avr8/avr8-gnu-toolchain/bin/../lib/gcc/avr/5.4.0/avr5\libgcc.a(_umulhisi3.o)
 .bss           0x00000000        0x0 d:/studies/amit embedded systems course/tools/atmel studio/7.0/toolchain/avr8/avr8-gnu-toolchain/bin/../lib/gcc/avr/5.4.0/avr5\libgcc.a(_umulhisi3.o)
 .text.libgcc.mul
                0x00000000       0x1e d:/studies/amit embedded systems course/tools/atmel studio/7.0/toolchain/avr8/avr8-gnu-toolchain/bin/../lib/gcc/avr/5.4.0/avr5\libgcc.a(_umulhisi3.o)
 .text.libgcc.div
                0x00000000        0x0 d:/studies/amit embedded systems course/tools/atmel studio/7.0/toolchain/avr8/avr8-gnu-toolchain/bin/../lib/gcc/avr/5.4.0/avr5\libgcc.a(_umulhisi3.o)
 .text.libgcc   0x00000000        0x0 d:/studies/amit embedded systems course/tools/atmel studio/7.0/toolchain/avr8/avr8-gnu-toolchain/bin/../lib/gcc/avr/5.4.0/avr5\libgcc.a(_umulhisi3.o)
 .text.libgcc.prologue
                0x00000000        0x0 d:/studies/amit embedded systems course/tools/atmel studio/7.0/toolchain/avr8/avr8-gnu-toolchain/bin/../lib/gcc/avr/5.4.0/avr5\libgcc.a(_umulhisi3.o)
 .text.libgcc.builtins
                0x00000000        0x0 d:/studies/amit embedded systems course/tools/atmel studio/7.0/toolchain/avr8/avr8-gnu-toolchain/bin/../lib/gcc/avr/5.4.0/avr5\libgcc.a(_umulhisi3.o)
 .text.libgcc.fmul
                0x00000000        0x0 d:/studies/amit embedded systems course/tools/atmel studio/7.0/toolchain/avr8/avr8-gnu-toolchain/bin/../lib/gcc/avr/5.4.0/avr5\libgcc.a(_umulhisi3.o)
 .text.libgcc.fixed
                0x00000000        0x0 d:/studies/amit embedded systems course/tools/atmel studio/7.0/toolchain/avr8/avr8-gnu-toolchain/bin/../lib/gcc/avr/5.4.0/avr5\libgcc.a(_umulhisi3.o)
 .text          0x00000000        0x0 d:/studies/amit embedded systems course/tools/atmel studio/7.0/toolchain/avr8/avr8-gnu-toolchain/bin/../lib/gcc/avr/5.4.0/avr5\libgcc.a(_udivmodsi4.o)
 .data          0x00000000        0x0 d:/studies/amit embedded systems course/tools/atmel studio/7.0/toolchain/avr8/avr8-gnu-toolchain/bin/../lib/gcc/avr/5.4.0/avr5\libgcc.a(_udivmodsi4.o)
 .bss           0x00000000        0x0 d:/studies/amit embedded systems course/tools/atmel studio/7.0/toolchain/avr8/avr8-gnu-toolchain/bin/../lib/gcc/avr/5.4.0/avr5\libgcc.a(_udivmodsi4.o)
 .text.libgcc.mul
                0x00000000        0x0 d:/studies/amit embedded systems course/tools/atmel studio/7.0/toolchain/avr8/avr8-gnu-toolchain/bin/../lib/gcc/avr/5.4.0/avr5\libgcc.a(_udivmodsi4.o)
 .text.libgcc.div
                0x00000000       0x44 d:/studies/amit embedded systems course/tools/atmel studio/7.0/toolchain/avr8/avr8-gnu-toolchain/bin/../lib/gcc/avr/5.4.0/avr5\libgcc.a(_udivmodsi4.o)
 .text.libgcc   0x00000000        0x0 d:/studies/amit embedded systems course/tools/atmel studio/7.0/toolchain/avr8/avr8-gnu-toolchain/bin/../lib/gcc/avr/5.4.0/avr5\libgcc.a(_udivmodsi4.o)
 .text.libgcc.prologue
                0x00000000        0x0 d:/studies/amit embedded systems course/tools/atmel studio/7.0/toolchain/avr8/avr8-gnu-toolchain/bin/../lib/gcc/avr/5.4.0/avr5\libgcc.a(_udivmodsi4.o)
 .text.libgcc.builtins
                0x00000000        0x0 d:/studies/amit embedded systems course/tools/atmel studio/7.0/toolchain/avr8/avr8-gnu-toolchain/bin/../lib/gcc/avr/5.4.0/avr5\libgcc.a(_udivmodsi4.o)
 .text.libgcc.fmul
                0x00000000        0x0 d:/studies/amit embedded systems course/tools/atmel studio/7.0/toolchain/avr8/avr8-gnu-toolchain/bin/../lib/gcc/avr/5.4.0/avr5\libgcc.a(_udivmodsi4.o)
 .text.libgcc.fixed
                0x00000000        0x0 d:/studies/amit embedded systems course/tools/atmel studio/7.0/toolchain/avr8/avr8-gnu-toolchain/bin/../lib/gcc/avr/5.4.0/avr5\libgcc.a(_udivmodsi4.o)

Memory Configuration

Name             Origin             Length             Attributes
text             0x00000000         0x00008000         xr
data             0x00800060         0x00000800         rw !x
eeprom           0x00810000         0x00000400         rw !x
fuse             0x00820000         0x00000002         rw !x
lock             0x00830000         0x00000400         rw !x
signature        0x00840000         0x00000400         rw !x
user_signatures  0x00850000         0x00000400         rw !x
*default*        0x00000000         0xffffffff

Linker script and memory map

LOAD D:/Studies/AMIT Embedded Systems course/Tools/ATMEL Studio/7.0/Packs/atmel/ATmega_DFP/1.6.364/gcc/dev/atmega32/avr5/crtatmega32.o
LOAD Bluetooth_Mod.o
LOAD CMD_Bus.o
LOAD Comm_Bridge.o
LOAD Devices.o
LOAD DIO.o
LOAD I2C.o
LOAD LCD.o
LOAD LED.o
LOAD main.o
LOAD Smart_Home.o
LOAD SPI.o
LOAD Status_FollowUp.o
LOAD UART.o
START GROUP
LOAD d:/studies/amit embedded systems course/tools/atmel studio/7.0/toolchain/avr8/avr8-gnu-toolchain/bin/../lib/gcc/avr/5.4.0/../../../../avr/lib/avr5\libm.a
END GROUP
START GROUP
LOAD d:/studies/amit embedded systems course/tools/atmel studio/7.0/toolchain/avr8/avr8-gnu-toolchain/bin/../lib/gcc/avr/5.4.0/avr5\libgcc.a
LOAD d:/studies/amit embedded systems course/tools/atmel studio/7.0/toolchain/avr8/avr8-gnu-toolchain/bin/../lib/gcc/avr/5.4.0/../../../../avr/lib/avr5\libm.a
LOAD d:/studies/amit embedded systems course/tools/atmel studio/7.0/toolchain/avr8/avr8-gnu-toolchain/bin/../lib/gcc/avr/5.4.0/../../../../avr/lib/avr5\libc.a
LOAD D:/Studies/AMIT Embedded Systems course/Tools/ATMEL Studio/7.0/Packs/atmel/ATmega_DFP/1.6.364/gcc/dev/atmega32/avr5\libatmega32.a
END GROUP
                0x00000000                __TEXT_REGION_ORIGIN__ = DEFINED (__TEXT_REGION_ORIGIN__)?__TEXT_REGION_ORIGIN__:0x0
                [0x00800060]                __DATA_REGION_ORIGIN__ = DEFINED (__DATA_REGION_ORIGIN__)?__DATA_REGION_ORIGIN__:0x800060
                [0x00008000]                __TEXT_REGION_LENGTH__ = DEFINED (__TEXT_REGION_LENGTH__)?__TEXT_REGION_LENGTH__:0x20000
                [0x00000800]                __DATA_REGION_LENGTH__ = DEFINED (__DATA_REGION_LENGTH__)?__DATA_REGION_LENGTH__:0xffa0
                [0x00000400]                __EEPROM_REGION_LENGTH__ = DEFINED (__EEPROM_REGION_LENGTH__)?__EEPROM_REGION_LENGTH__:0x10000
                [0x00000002]                __FUSE_REGION_LENGTH__ = DEFINED (__FUSE_REGION_LENGTH__)?__FUSE_REGION_LENGTH__:0x400
                0x00000400                __LOCK_REGION_LENGTH__ = DEFINED (__LOCK_REGION_LENGTH__)?__LOCK_REGION_LENGTH__:0x400
                0x00000400                __SIGNATURE_REGION_LENGTH__ = DEFINED (__SIGNATURE_REGION_LENGTH__)?__SIGNATURE_REGION_LENGTH__:0x400
                0x00000400                __USER_SIGNATURE_REGION_LENGTH__ = DEFINED (__USER_SIGNATURE_REGION_LENGTH__)?__USER_SIGNATURE_REGION_LENGTH__:0x400

.hash
 *(.hash)

.dynsym
 *(.dynsym)

.dynstr
 *(.dynstr)

.gnu.version
 *(.gnu.version)

.gnu.version_d
 *(.gnu.version_d)

.gnu.version_r
 *(.gnu.version_r)

.rel.init
 *(.rel.init)

.rela.init
 *(.rela.init)

.rel.text
 *(.rel.text)
 *(.rel.text.*)
 *(.rel.gnu.linkonce.t*)

.rela.text
 *(.rela.text)
 *(.rela.text.*)
 *(.rela.gnu.linkonce.t*)

.rel.fini
 *(.rel.fini)

.rela.fini
 *(.rela.fini)

.rel.rodata
 *(.rel.rodata)
 *(.rel.rodata.*)
 *(.rel.gnu.linkonce.r*)

.rela.rodata
 *(.rela.rodata)
 *(.rela.rodata.*)
 *(.rela.gnu.linkonce.r*)

.rel.data
 *(.rel.data)
 *(.rel.data.*)
 *(.rel.gnu.linkonce.d*)

.rela.data
 *(.rela.data)
 *(.rela.data.*)
 *(.rela.gnu.linkonce.d*)

.rel.ctors
 *(.rel.ctors)

.rela.ctors
 *(.rela.ctors)

.rel.dtors
 *(.rel.dtors)

.rela.dtors
 *(.rela.dtors)

.rel.got
 *(.rel.got)

.rela.got
 *(.rela.got)

.rel.bss
 *(.rel.bss)

.rela.bss
 *(.rela.bss)

.rel.plt
 *(.rel.plt)

.rela.plt
 *(.rela.plt)

.text           0x00000000      0x38e
 *(.vectors)
 .vectors       0x00000000       0x54 D:/Studies/AMIT Embedded Systems course/Tools/ATMEL Studio/7.0/Packs/atmel/ATmega_DFP/1.6.364/gcc/dev/atmega32/avr5/crtatmega32.o
                0x00000000                __vector_default
                0x00000000                __vectors
 *(.vectors)
 *(.progmem.gcc*)
                0x00000054                . = ALIGN (0x2)
                0x00000054                __trampolines_start = .
 *(.trampolines)
 .trampolines   0x00000054        0x0 linker stubs
 *(.trampolines*)
                0x00000054                __trampolines_end = .
 *libprintf_flt.a:*(.progmem.data)
 *libc.a:*(.progmem.data)
 *(.progmem*)
                0x00000054                . = ALIGN (0x2)
 *(.jumptables)
 *(.jumptables*)
 *(.lowtext)
 *(.lowtext*)
                0x00000054                __ctors_start = .
 *(.ctors)
                0x00000054                __ctors_end = .
                0x00000054                __dtors_start = .
 *(.dtors)
                0x00000054                __dtors_end = .
 SORT(*)(.ctors)
 SORT(*)(.dtors)
 *(.init0)
 .init0         0x00000054        0x0 D:/Studies/AMIT Embedded Systems course/Tools/ATMEL Studio/7.0/Packs/atmel/ATmega_DFP/1.6.364/gcc/dev/atmega32/avr5/crtatmega32.o
                0x00000054                __init
 *(.init0)
 *(.init1)
 *(.init1)
 *(.init2)
 .init2         0x00000054        0xc D:/Studies/AMIT Embedded Systems course/Tools/ATMEL Studio/7.0/Packs/atmel/ATmega_DFP/1.6.364/gcc/dev/atmega32/avr5/crtatmega32.o
 *(.init2)
 *(.init3)
 *(.init3)
 *(.init4)
 .init4         0x00000060       0x16 d:/studies/amit embedded systems course/tools/atmel studio/7.0/toolchain/avr8/avr8-gnu-toolchain/bin/../lib/gcc/avr/5.4.0/avr5\libgcc.a(_copy_data.o)
                0x00000060                __do_copy_data
 .init4         0x00000076       0x10 d:/studies/amit embedded systems course/tools/atmel studio/7.0/toolchain/avr8/avr8-gnu-toolchain/bin/../lib/gcc/avr/5.4.0/avr5\libgcc.a(_clear_bss.o)
                0x00000076                __do_clear_bss
 *(.init4)
 *(.init5)
 *(.init5)
 *(.init6)
 *(.init6)
 *(.init7)
 *(.init7)
 *(.init8)
 *(.init8)
 *(.init9)
 .init9         0x00000086        0x8 D:/Studies/AMIT Embedded Systems course/Tools/ATMEL Studio/7.0/Packs/atmel/ATmega_DFP/1.6.364/gcc/dev/atmega32/avr5/crtatmega32.o
 *(.init9)
 *(.text)
 .text          0x0000008e        0x4 D:/Studies/AMIT Embedded Systems course/Tools/ATMEL Studio/7.0/Packs/atmel/ATmega_DFP/1.6.364/gcc/dev/atmega32/avr5/crtatmega32.o
                0x0000008e                __vector_1
                0x0000008e                __vector_12
                0x0000008e                __bad_interrupt
                0x0000008e                __vector_6
                0x0000008e                __vector_3
                0x0000008e                __vector_11
                0x0000008e                __vector_13
                0x0000008e                __vector_17
                0x0000008e                __vector_19
                0x0000008e                __vector_7
                0x0000008e                __vector_5
                0x0000008e                __vector_4
                0x0000008e                __vector_9
                0x0000008e                __vector_2
                0x0000008e                __vector_15
                0x0000008e                __vector_8
                0x0000008e                __vector_14
                0x0000008e                __vector_10
                0x0000008e                __vector_16
                0x0000008e                __vector_18
                0x0000008e                __vector_20
                0x00000092                . = ALIGN (0x2)
 *(.text.*)
 .text.DIO_SetPinDir
                0x00000092       0x38 DIO.o
                0x00000092                DIO_SetPinDir
 .text.DIO_SetPinValue
                0x000000ca       0x38 DIO.o
                0x000000ca                DIO_SetPinValue
 .text.LCD_WriteCommand
                0x00000102       0x9c LCD.o
                0x00000102                LCD_WriteCommand
 .text.LCD_Init
                0x0000019e       0x92 LCD.o
                0x0000019e                LCD_Init
 .text.LCD_WriteChar
                0x00000230       0x9c LCD.o
                0x00000230                LCD_WriteChar
 .text.LCD_WriteString
                0x000002cc       0x26 LCD.o
                0x000002cc                LCD_WriteString
 .text.LCD_GoToLocation
                0x000002f2       0x30 LCD.o
                0x000002f2                LCD_GoToLocation
 .text.LCD_Clear
                0x00000322        0x8 LCD.o
                0x00000322                LCD_Clear
 .text.main     0x0000032a        0xe main.o
                0x0000032a                main
 .text.Status_FollowUp_Init
                0x00000338        0x6 Status_FollowUp.o
                0x00000338                Status_FollowUp_Init
 .text.Status_Disp_LCD
                0x0000033e       0x4c Status_FollowUp.o
                0x0000033e                Status_Disp_LCD
                0x0000038a                . = ALIGN (0x2)
 *(.fini9)
 .fini9         0x0000038a        0x0 d:/studies/amit embedded systems course/tools/atmel studio/7.0/toolchain/avr8/avr8-gnu-toolchain/bin/../lib/gcc/avr/5.4.0/avr5\libgcc.a(_exit.o)
                0x0000038a                _exit
                0x0000038a                exit
 *(.fini9)
 *(.fini8)
 *(.fini8)
 *(.fini7)
 *(.fini7)
 *(.fini6)
 *(.fini6)
 *(.fini5)
 *(.fini5)
 *(.fini4)
 *(.fini4)
 *(.fini3)
 *(.fini3)
 *(.fini2)
 *(.fini2)
 *(.fini1)
 *(.fini1)
 *(.fini0)
 .fini0         0x0000038a        0x4 d:/studies/amit embedded systems course/tools/atmel studio/7.0/toolchain/avr8/avr8-gnu-toolchain/bin/../lib/gcc/avr/5.4.0/avr5\libgcc.a(_exit.o)
 *(.fini0)
                0x0000038e                _etext = .

.data           0x00800060      0x2d0 load address 0x0000038e
                0x00800060                PROVIDE (__data_start, .)
 *(.data)
 *(.data*)
 .data.LCD_Row_Text_Options
                0x00800060      0x2d0 Status_FollowUp.o
                0x00800060                LCD_Row_Text_Options
 *(.gnu.linkonce.d*)
 *(.rodata)
 *(.rodata*)
 *(.gnu.linkonce.r*)
                0x00800330                . = ALIGN (0x2)
                0x00800330                _edata = .
                0x00800330                PROVIDE (__data_end, .)

.bss            0x00800330        0x0
                0x00800330                PROVIDE (__bss_start, .)
 *(.bss)
 *(.bss*)
 *(COMMON)
                0x00800330                PROVIDE (__bss_end, .)
                0x0000038e                __data_load_start = LOADADDR (.data)
                0x0000065e                __data_load_end = (__data_load_start + SIZEOF (.data))

.noinit         0x00800330        0x0
                [!provide]                PROVIDE (__noinit_start, .)
 *(.noinit*)
                [!provide]                PROVIDE (__noinit_end, .)
                0x00800330                _end = .
                [!provide]                PROVIDE (__heap_start, .)

.eeprom         0x00810000        0x0
 *(.eeprom*)
                0x00810000                __eeprom_end = .

.fuse
 *(.fuse)
 *(.lfuse)
 *(.hfuse)
 *(.efuse)

.lock
 *(.lock*)

.signature
 *(.signature*)

.user_signatures
 *(.user_signatures*)

.stab
 *(.stab)

.stabstr
 *(.stabstr)

.stab.excl
 *(.stab.excl)

.stab.exclstr
 *(.stab.exclstr)

.stab.index
 *(.stab.index)

.stab.indexstr
 *(.stab.indexstr)

.comment        0x00000000       0x30
 *(.comment)
 .comment       0x00000000       0x30 DIO.o
                                 0x31 (size before relaxing)
 .comment       0x00000030       0x31 LCD.o
 .comment       0x00000030       0x31 main.o
 .comment       0x00000030       0x31 Status_FollowUp.o

.note.gnu.avr.deviceinfo
                0x00000000       0x3c
 .note.gnu.avr.deviceinfo
                0x00000000       0x3c D:/Studies/AMIT Embedded Systems course/Tools/ATMEL Studio/7.0/Packs/atmel/ATmega_DFP/1.6.364/gcc/dev/atmega32/avr5/crtatmega32.o

.note.gnu.build-id
 *(.note.gnu.build-id)

.debug
 *(.debug)

.line
 *(.line)

.debug_srcinfo
 *(.debug_srcinfo)

.debug_sfnames
 *(.debug_sfnames)

.debug_aranges  0x00000000      0x110
 *(.debug_aranges)
 .debug_aranges
                0x00000000       0x68 DIO.o
 .debug_aranges
                0x00000068       0x50 LCD.o
 .debug_aranges
                0x000000b8       0x20 main.o
 .debug_aranges
                0x000000d8       0x38 Status_FollowUp.o

.debug_pubnames
 *(.debug_pubnames)

.debug_info     0x00000000     0x16b5
 *(.debug_info .gnu.linkonce.wi.*)
 .debug_info    0x00000000      0x4e6 D:/Studies/AMIT Embedded Systems course/Tools/ATMEL Studio/7.0/Packs/atmel/ATmega_DFP/1.6.364/gcc/dev/atmega32/avr5/crtatmega32.o
 .debug_info    0x000004e6      0x310 DIO.o
 .debug_info    0x000007f6      0x805 LCD.o
 .debug_info    0x00000ffb      0x1f8 main.o
 .debug_info    0x000011f3      0x4c2 Status_FollowUp.o

.debug_abbrev   0x00000000      0x910
 *(.debug_abbrev)
 .debug_abbrev  0x00000000      0x4a3 D:/Studies/AMIT Embedded Systems course/Tools/ATMEL Studio/7.0/Packs/atmel/ATmega_DFP/1.6.364/gcc/dev/atmega32/avr5/crtatmega32.o
 .debug_abbrev  0x000004a3       0xd7 DIO.o
 .debug_abbrev  0x0000057a      0x19f LCD.o
 .debug_abbrev  0x00000719       0x97 main.o
 .debug_abbrev  0x000007b0      0x160 Status_FollowUp.o

.debug_line     0x00000000      0x82a
 *(.debug_line .debug_line.* .debug_line_end)
 .debug_line    0x00000000      0x116 D:/Studies/AMIT Embedded Systems course/Tools/ATMEL Studio/7.0/Packs/atmel/ATmega_DFP/1.6.364/gcc/dev/atmega32/avr5/crtatmega32.o
 .debug_line    0x00000116      0x129 DIO.o
 .debug_line    0x0000023f      0x37c LCD.o
 .debug_line    0x000005bb       0x5a main.o
 .debug_line    0x00000615      0x215 Status_FollowUp.o

.debug_frame    0x00000000      0x220
 *(.debug_frame)
 .debug_frame   0x00000000       0xb4 DIO.o
 .debug_frame   0x000000b4       0xd8 LCD.o
 .debug_frame   0x0000018c       0x24 main.o
 .debug_frame   0x000001b0       0x70 Status_FollowUp.o

.debug_str      0x00000000      0xa19
 *(.debug_str)
 .debug_str     0x00000000      0x196 D:/Studies/AMIT Embedded Systems course/Tools/ATMEL Studio/7.0/Packs/atmel/ATmega_DFP/1.6.364/gcc/dev/atmega32/avr5/crtatmega32.o
 .debug_str     0x00000196      0x233 DIO.o
                                0x265 (size before relaxing)
 .debug_str     0x000003c9      0x124 LCD.o
                                0x306 (size before relaxing)
 .debug_str     0x000004ed      0x482 main.o
                                0x657 (size before relaxing)
 .debug_str     0x0000096f       0xaa Status_FollowUp.o
                                0x78a (size before relaxing)

.debug_loc      0x00000000      0x839
 *(.debug_loc)
 .debug_loc     0x00000000       0xf8 DIO.o
 .debug_loc     0x000000f8      0x549 LCD.o
 .debug_loc     0x00000641      0x1f8 Status_FollowUp.o

.debug_macinfo
 *(.debug_macinfo)

.debug_weaknames
 *(.debug_weaknames)

.debug_funcnames
 *(.debug_funcnames)

.debug_typenames
 *(.debug_typenames)

.debug_varnames
 *(.debug_varnames)

.debug_pubtypes
 *(.debug_pubtypes)

.debug_ranges   0x00000000       0xd0
 *(.debug_ranges)
 .debug_ranges  0x00000000       0x58 DIO.o
 .debug_ranges  0x00000058       0x40 LCD.o
 .debug_ranges  0x00000098       0x10 main.o
 .debug_ranges  0x000000a8       0x28 Status_FollowUp.o

.debug_macro
 *(.debug_macro)
OUTPUT(Develop_APP_Layer.elf elf32-avr)
LOAD linker stubs
