Archive member included to satisfy reference by file (symbol)

d:/studies/amit embedded systems course/tools/atmel studio/7.0/toolchain/avr8/avr8-gnu-toolchain/bin/../lib/gcc/avr/5.4.0/avr5\libgcc.a(_divmodsi4.o)
                              LCD.o (__divmodsi4)
d:/studies/amit embedded systems course/tools/atmel studio/7.0/toolchain/avr8/avr8-gnu-toolchain/bin/../lib/gcc/avr/5.4.0/avr5\libgcc.a(_negsi2.o)
                              d:/studies/amit embedded systems course/tools/atmel studio/7.0/toolchain/avr8/avr8-gnu-toolchain/bin/../lib/gcc/avr/5.4.0/avr5\libgcc.a(_divmodsi4.o) (__negsi2)
d:/studies/amit embedded systems course/tools/atmel studio/7.0/toolchain/avr8/avr8-gnu-toolchain/bin/../lib/gcc/avr/5.4.0/avr5\libgcc.a(_exit.o)
                              D:/Studies/AMIT Embedded Systems course/Tools/ATMEL Studio/7.0/Packs/atmel/ATmega_DFP/1.6.364/gcc/dev/atmega32/avr5/crtatmega32.o (exit)
d:/studies/amit embedded systems course/tools/atmel studio/7.0/toolchain/avr8/avr8-gnu-toolchain/bin/../lib/gcc/avr/5.4.0/avr5\libgcc.a(_copy_data.o)
                              Devices.o (__do_copy_data)
d:/studies/amit embedded systems course/tools/atmel studio/7.0/toolchain/avr8/avr8-gnu-toolchain/bin/../lib/gcc/avr/5.4.0/avr5\libgcc.a(_clear_bss.o)
                              Devices.o (__do_clear_bss)
d:/studies/amit embedded systems course/tools/atmel studio/7.0/toolchain/avr8/avr8-gnu-toolchain/bin/../lib/gcc/avr/5.4.0/avr5\libgcc.a(_umulhisi3.o)
                              LCD.o (__umulhisi3)
d:/studies/amit embedded systems course/tools/atmel studio/7.0/toolchain/avr8/avr8-gnu-toolchain/bin/../lib/gcc/avr/5.4.0/avr5\libgcc.a(_udivmodsi4.o)
                              d:/studies/amit embedded systems course/tools/atmel studio/7.0/toolchain/avr8/avr8-gnu-toolchain/bin/../lib/gcc/avr/5.4.0/avr5\libgcc.a(_divmodsi4.o) (__udivmodsi4)

Allocating common symbols
Common symbol       size              file

User_Selection      0x2               Smart_Home.o
Smart_Home_Devices  0x1e              Devices.o

Discarded input sections

 .data          0x00000000        0x0 D:/Studies/AMIT Embedded Systems course/Tools/ATMEL Studio/7.0/Packs/atmel/ATmega_DFP/1.6.364/gcc/dev/atmega32/avr5/crtatmega32.o
 .bss           0x00000000        0x0 D:/Studies/AMIT Embedded Systems course/Tools/ATMEL Studio/7.0/Packs/atmel/ATmega_DFP/1.6.364/gcc/dev/atmega32/avr5/crtatmega32.o
 .text          0x00000000        0x0 Bluetooth_Mod.o
 .data          0x00000000        0x0 Bluetooth_Mod.o
 .bss           0x00000000        0x0 Bluetooth_Mod.o
 .text.Bluetooth_Mod_Tx
                0x00000000       0x16 Bluetooth_Mod.o
 .text.Bluetooth_Mod_Rx
                0x00000000        0xe Bluetooth_Mod.o
 .text.Bluetooth_Mod_Seq_Tx
                0x00000000       0x1a Bluetooth_Mod.o
 .text.Bluetooth_Mod_Seq_Rx
                0x00000000       0x1a Bluetooth_Mod.o
 .text          0x00000000        0x0 CMD_Bus.o
 .data          0x00000000        0x0 CMD_Bus.o
 .bss           0x00000000        0x0 CMD_Bus.o
 .text.CMD_Bus_Slave_Init
                0x00000000        0x6 CMD_Bus.o
 .text.CMD_Bus_Req_Ack
                0x00000000       0x36 CMD_Bus.o
 .text          0x00000000        0x0 Comm_Bridge.o
 .data          0x00000000        0x0 Comm_Bridge.o
 .bss           0x00000000        0x0 Comm_Bridge.o
 .text.Comm_Bridge_BT_Read
                0x00000000       0x32 Comm_Bridge.o
 .text.Comm_Bridge_BT_Send
                0x00000000       0x42 Comm_Bridge.o
 .text.Comm_Bridge_BT_SendStream
                0x00000000       0x18 Comm_Bridge.o
 .text.Comm_Bridge_CMD_Req
                0x00000000       0xe8 Comm_Bridge.o
 .text          0x00000000        0x0 Devices.o
 .data          0x00000000        0x0 Devices.o
 .bss           0x00000000        0x0 Devices.o
 .text          0x00000000        0x0 DIO.o
 .data          0x00000000        0x0 DIO.o
 .bss           0x00000000        0x0 DIO.o
 .text.DIO_SetPortDir
                0x00000000        0x6 DIO.o
 .text.DIO_SetPortValue
                0x00000000        0x6 DIO.o
 .text.DIO_ReadPortValue
                0x00000000        0xa DIO.o
 .text.DIO_TogglePort
                0x00000000        0xa DIO.o
 .text.DIO_SetPortPullup
                0x00000000        0x8 DIO.o
 .text.DIO_SetPinPullup
                0x00000000       0x18 DIO.o
 .text          0x00000000        0x0 I2C.o
 .data          0x00000000        0x0 I2C.o
 .bss           0x00000000        0x0 I2C.o
 .text.I2C_Master_Init
                0x00000000       0x10 I2C.o
 .text.I2C_Slave_Init
                0x00000000        0xa I2C.o
 .text.I2C_Start_Condition
                0x00000000       0x14 I2C.o
 .text.I2C_RepeatedStart
                0x00000000       0x14 I2C.o
 .text.I2C_Send_SlaveAddr_Write_Op
                0x00000000       0x18 I2C.o
 .text.I2C_Send_SlaveAddr_Read_Op
                0x00000000       0x1e I2C.o
 .text.I2C_Send_DataByte
                0x00000000       0x16 I2C.o
 .text.I2C_Read_DataByte
                0x00000000       0x16 I2C.o
 .text.I2C_Stop_Condition
                0x00000000        0x6 I2C.o
 .debug_info    0x00000000      0x173 I2C.o
 .debug_abbrev  0x00000000       0x89 I2C.o
 .debug_loc     0x00000000       0x6f I2C.o
 .debug_aranges
                0x00000000       0x60 I2C.o
 .debug_ranges  0x00000000       0x50 I2C.o
 .debug_line    0x00000000      0x1c8 I2C.o
 .debug_str     0x00000000      0x273 I2C.o
 .comment       0x00000000       0x31 I2C.o
 .debug_frame   0x00000000       0xa4 I2C.o
 .text          0x00000000        0x0 LCD.o
 .data          0x00000000        0x0 LCD.o
 .bss           0x00000000        0x0 LCD.o
 .text          0x00000000        0x0 LED.o
 .data          0x00000000        0x0 LED.o
 .bss           0x00000000        0x0 LED.o
 .text.LED_Init
                0x00000000       0x60 LED.o
 .text.LED_ON   0x00000000       0x36 LED.o
 .text.LED_OFF  0x00000000       0x36 LED.o
 .text.LED_Toggle
                0x00000000       0x30 LED.o
 .text          0x00000000        0x0 main.o
 .data          0x00000000        0x0 main.o
 .bss           0x00000000        0x0 main.o
 .text          0x00000000        0x0 Smart_Home.o
 .data          0x00000000        0x0 Smart_Home.o
 .bss           0x00000000        0x0 Smart_Home.o
 .text          0x00000000        0x0 SPI.o
 .data          0x00000000        0x0 SPI.o
 .bss           0x00000000        0x0 SPI.o
 .text.SPI_Slave_Init
                0x00000000       0x14 SPI.o
 .text          0x00000000        0x0 Status_FollowUp.o
 .data          0x00000000        0x0 Status_FollowUp.o
 .bss           0x00000000        0x0 Status_FollowUp.o
 .text.Status_FollowUp_Init
                0x00000000        0x6 Status_FollowUp.o
 .text.Status_Send_BT
                0x00000000       0x12 Status_FollowUp.o
 .data.BT_Text_Options
                0x00000000       0x5a Status_FollowUp.o
 .text          0x00000000        0x0 UART.o
 .data          0x00000000        0x0 UART.o
 .bss           0x00000000        0x0 UART.o
 .text.UART_Tx  0x00000000        0xe UART.o
 .text.UART_Rx  0x00000000        0xe UART.o
 .text.UART_RxString
                0x00000000       0x40 UART.o
 .text.UART_TxString
                0x00000000       0x26 UART.o
 .text          0x00000000        0x0 d:/studies/amit embedded systems course/tools/atmel studio/7.0/toolchain/avr8/avr8-gnu-toolchain/bin/../lib/gcc/avr/5.4.0/avr5\libgcc.a(_divmodsi4.o)
 .data          0x00000000        0x0 d:/studies/amit embedded systems course/tools/atmel studio/7.0/toolchain/avr8/avr8-gnu-toolchain/bin/../lib/gcc/avr/5.4.0/avr5\libgcc.a(_divmodsi4.o)
 .bss           0x00000000        0x0 d:/studies/amit embedded systems course/tools/atmel studio/7.0/toolchain/avr8/avr8-gnu-toolchain/bin/../lib/gcc/avr/5.4.0/avr5\libgcc.a(_divmodsi4.o)
 .text.libgcc.mul
                0x00000000        0x0 d:/studies/amit embedded systems course/tools/atmel studio/7.0/toolchain/avr8/avr8-gnu-toolchain/bin/../lib/gcc/avr/5.4.0/avr5\libgcc.a(_divmodsi4.o)
 .text.libgcc   0x00000000        0x0 d:/studies/amit embedded systems course/tools/atmel studio/7.0/toolchain/avr8/avr8-gnu-toolchain/bin/../lib/gcc/avr/5.4.0/avr5\libgcc.a(_divmodsi4.o)
 .text.libgcc.prologue
                0x00000000        0x0 d:/studies/amit embedded systems course/tools/atmel studio/7.0/toolchain/avr8/avr8-gnu-toolchain/bin/../lib/gcc/avr/5.4.0/avr5\libgcc.a(_divmodsi4.o)
 .text.libgcc.builtins
                0x00000000        0x0 d:/studies/amit embedded systems course/tools/atmel studio/7.0/toolchain/avr8/avr8-gnu-toolchain/bin/../lib/gcc/avr/5.4.0/avr5\libgcc.a(_divmodsi4.o)
 .text.libgcc.fmul
                0x00000000        0x0 d:/studies/amit embedded systems course/tools/atmel studio/7.0/toolchain/avr8/avr8-gnu-toolchain/bin/../lib/gcc/avr/5.4.0/avr5\libgcc.a(_divmodsi4.o)
 .text.libgcc.fixed
                0x00000000        0x0 d:/studies/amit embedded systems course/tools/atmel studio/7.0/toolchain/avr8/avr8-gnu-toolchain/bin/../lib/gcc/avr/5.4.0/avr5\libgcc.a(_divmodsi4.o)
 .text          0x00000000        0x0 d:/studies/amit embedded systems course/tools/atmel studio/7.0/toolchain/avr8/avr8-gnu-toolchain/bin/../lib/gcc/avr/5.4.0/avr5\libgcc.a(_negsi2.o)
 .data          0x00000000        0x0 d:/studies/amit embedded systems course/tools/atmel studio/7.0/toolchain/avr8/avr8-gnu-toolchain/bin/../lib/gcc/avr/5.4.0/avr5\libgcc.a(_negsi2.o)
 .bss           0x00000000        0x0 d:/studies/amit embedded systems course/tools/atmel studio/7.0/toolchain/avr8/avr8-gnu-toolchain/bin/../lib/gcc/avr/5.4.0/avr5\libgcc.a(_negsi2.o)
 .text.libgcc.mul
                0x00000000        0x0 d:/studies/amit embedded systems course/tools/atmel studio/7.0/toolchain/avr8/avr8-gnu-toolchain/bin/../lib/gcc/avr/5.4.0/avr5\libgcc.a(_negsi2.o)
 .text.libgcc   0x00000000        0x0 d:/studies/amit embedded systems course/tools/atmel studio/7.0/toolchain/avr8/avr8-gnu-toolchain/bin/../lib/gcc/avr/5.4.0/avr5\libgcc.a(_negsi2.o)
 .text.libgcc.prologue
                0x00000000        0x0 d:/studies/amit embedded systems course/tools/atmel studio/7.0/toolchain/avr8/avr8-gnu-toolchain/bin/../lib/gcc/avr/5.4.0/avr5\libgcc.a(_negsi2.o)
 .text.libgcc.builtins
                0x00000000        0x0 d:/studies/amit embedded systems course/tools/atmel studio/7.0/toolchain/avr8/avr8-gnu-toolchain/bin/../lib/gcc/avr/5.4.0/avr5\libgcc.a(_negsi2.o)
 .text.libgcc.fmul
                0x00000000        0x0 d:/studies/amit embedded systems course/tools/atmel studio/7.0/toolchain/avr8/avr8-gnu-toolchain/bin/../lib/gcc/avr/5.4.0/avr5\libgcc.a(_negsi2.o)
 .text.libgcc.fixed
                0x00000000        0x0 d:/studies/amit embedded systems course/tools/atmel studio/7.0/toolchain/avr8/avr8-gnu-toolchain/bin/../lib/gcc/avr/5.4.0/avr5\libgcc.a(_negsi2.o)
 .text          0x00000000        0x0 d:/studies/amit embedded systems course/tools/atmel studio/7.0/toolchain/avr8/avr8-gnu-toolchain/bin/../lib/gcc/avr/5.4.0/avr5\libgcc.a(_exit.o)
 .data          0x00000000        0x0 d:/studies/amit embedded systems course/tools/atmel studio/7.0/toolchain/avr8/avr8-gnu-toolchain/bin/../lib/gcc/avr/5.4.0/avr5\libgcc.a(_exit.o)
 .bss           0x00000000        0x0 d:/studies/amit embedded systems course/tools/atmel studio/7.0/toolchain/avr8/avr8-gnu-toolchain/bin/../lib/gcc/avr/5.4.0/avr5\libgcc.a(_exit.o)
 .text.libgcc.mul
                0x00000000        0x0 d:/studies/amit embedded systems course/tools/atmel studio/7.0/toolchain/avr8/avr8-gnu-toolchain/bin/../lib/gcc/avr/5.4.0/avr5\libgcc.a(_exit.o)
 .text.libgcc.div
                0x00000000        0x0 d:/studies/amit embedded systems course/tools/atmel studio/7.0/toolchain/avr8/avr8-gnu-toolchain/bin/../lib/gcc/avr/5.4.0/avr5\libgcc.a(_exit.o)
 .text.libgcc   0x00000000        0x0 d:/studies/amit embedded systems course/tools/atmel studio/7.0/toolchain/avr8/avr8-gnu-toolchain/bin/../lib/gcc/avr/5.4.0/avr5\libgcc.a(_exit.o)
 .text.libgcc.prologue
                0x00000000        0x0 d:/studies/amit embedded systems course/tools/atmel studio/7.0/toolchain/avr8/avr8-gnu-toolchain/bin/../lib/gcc/avr/5.4.0/avr5\libgcc.a(_exit.o)
 .text.libgcc.builtins
                0x00000000        0x0 d:/studies/amit embedded systems course/tools/atmel studio/7.0/toolchain/avr8/avr8-gnu-toolchain/bin/../lib/gcc/avr/5.4.0/avr5\libgcc.a(_exit.o)
 .text.libgcc.fmul
                0x00000000        0x0 d:/studies/amit embedded systems course/tools/atmel studio/7.0/toolchain/avr8/avr8-gnu-toolchain/bin/../lib/gcc/avr/5.4.0/avr5\libgcc.a(_exit.o)
 .text.libgcc.fixed
                0x00000000        0x0 d:/studies/amit embedded systems course/tools/atmel studio/7.0/toolchain/avr8/avr8-gnu-toolchain/bin/../lib/gcc/avr/5.4.0/avr5\libgcc.a(_exit.o)
 .text          0x00000000        0x0 d:/studies/amit embedded systems course/tools/atmel studio/7.0/toolchain/avr8/avr8-gnu-toolchain/bin/../lib/gcc/avr/5.4.0/avr5\libgcc.a(_copy_data.o)
 .data          0x00000000        0x0 d:/studies/amit embedded systems course/tools/atmel studio/7.0/toolchain/avr8/avr8-gnu-toolchain/bin/../lib/gcc/avr/5.4.0/avr5\libgcc.a(_copy_data.o)
 .bss           0x00000000        0x0 d:/studies/amit embedded systems course/tools/atmel studio/7.0/toolchain/avr8/avr8-gnu-toolchain/bin/../lib/gcc/avr/5.4.0/avr5\libgcc.a(_copy_data.o)
 .text.libgcc.mul
                0x00000000        0x0 d:/studies/amit embedded systems course/tools/atmel studio/7.0/toolchain/avr8/avr8-gnu-toolchain/bin/../lib/gcc/avr/5.4.0/avr5\libgcc.a(_copy_data.o)
 .text.libgcc.div
                0x00000000        0x0 d:/studies/amit embedded systems course/tools/atmel studio/7.0/toolchain/avr8/avr8-gnu-toolchain/bin/../lib/gcc/avr/5.4.0/avr5\libgcc.a(_copy_data.o)
 .text.libgcc   0x00000000        0x0 d:/studies/amit embedded systems course/tools/atmel studio/7.0/toolchain/avr8/avr8-gnu-toolchain/bin/../lib/gcc/avr/5.4.0/avr5\libgcc.a(_copy_data.o)
 .text.libgcc.prologue
                0x00000000        0x0 d:/studies/amit embedded systems course/tools/atmel studio/7.0/toolchain/avr8/avr8-gnu-toolchain/bin/../lib/gcc/avr/5.4.0/avr5\libgcc.a(_copy_data.o)
 .text.libgcc.builtins
                0x00000000        0x0 d:/studies/amit embedded systems course/tools/atmel studio/7.0/toolchain/avr8/avr8-gnu-toolchain/bin/../lib/gcc/avr/5.4.0/avr5\libgcc.a(_copy_data.o)
 .text.libgcc.fmul
                0x00000000        0x0 d:/studies/amit embedded systems course/tools/atmel studio/7.0/toolchain/avr8/avr8-gnu-toolchain/bin/../lib/gcc/avr/5.4.0/avr5\libgcc.a(_copy_data.o)
 .text.libgcc.fixed
                0x00000000        0x0 d:/studies/amit embedded systems course/tools/atmel studio/7.0/toolchain/avr8/avr8-gnu-toolchain/bin/../lib/gcc/avr/5.4.0/avr5\libgcc.a(_copy_data.o)
 .text          0x00000000        0x0 d:/studies/amit embedded systems course/tools/atmel studio/7.0/toolchain/avr8/avr8-gnu-toolchain/bin/../lib/gcc/avr/5.4.0/avr5\libgcc.a(_clear_bss.o)
 .data          0x00000000        0x0 d:/studies/amit embedded systems course/tools/atmel studio/7.0/toolchain/avr8/avr8-gnu-toolchain/bin/../lib/gcc/avr/5.4.0/avr5\libgcc.a(_clear_bss.o)
 .bss           0x00000000        0x0 d:/studies/amit embedded systems course/tools/atmel studio/7.0/toolchain/avr8/avr8-gnu-toolchain/bin/../lib/gcc/avr/5.4.0/avr5\libgcc.a(_clear_bss.o)
 .text.libgcc.mul
                0x00000000        0x0 d:/studies/amit embedded systems course/tools/atmel studio/7.0/toolchain/avr8/avr8-gnu-toolchain/bin/../lib/gcc/avr/5.4.0/avr5\libgcc.a(_clear_bss.o)
 .text.libgcc.div
                0x00000000        0x0 d:/studies/amit embedded systems course/tools/atmel studio/7.0/toolchain/avr8/avr8-gnu-toolchain/bin/../lib/gcc/avr/5.4.0/avr5\libgcc.a(_clear_bss.o)
 .text.libgcc   0x00000000        0x0 d:/studies/amit embedded systems course/tools/atmel studio/7.0/toolchain/avr8/avr8-gnu-toolchain/bin/../lib/gcc/avr/5.4.0/avr5\libgcc.a(_clear_bss.o)
 .text.libgcc.prologue
                0x00000000        0x0 d:/studies/amit embedded systems course/tools/atmel studio/7.0/toolchain/avr8/avr8-gnu-toolchain/bin/../lib/gcc/avr/5.4.0/avr5\libgcc.a(_clear_bss.o)
 .text.libgcc.builtins
                0x00000000        0x0 d:/studies/amit embedded systems course/tools/atmel studio/7.0/toolchain/avr8/avr8-gnu-toolchain/bin/../lib/gcc/avr/5.4.0/avr5\libgcc.a(_clear_bss.o)
 .text.libgcc.fmul
                0x00000000        0x0 d:/studies/amit embedded systems course/tools/atmel studio/7.0/toolchain/avr8/avr8-gnu-toolchain/bin/../lib/gcc/avr/5.4.0/avr5\libgcc.a(_clear_bss.o)
 .text.libgcc.fixed
                0x00000000        0x0 d:/studies/amit embedded systems course/tools/atmel studio/7.0/toolchain/avr8/avr8-gnu-toolchain/bin/../lib/gcc/avr/5.4.0/avr5\libgcc.a(_clear_bss.o)
 .text          0x00000000        0x0 d:/studies/amit embedded systems course/tools/atmel studio/7.0/toolchain/avr8/avr8-gnu-toolchain/bin/../lib/gcc/avr/5.4.0/avr5\libgcc.a(_umulhisi3.o)
 .data          0x00000000        0x0 d:/studies/amit embedded systems course/tools/atmel studio/7.0/toolchain/avr8/avr8-gnu-toolchain/bin/../lib/gcc/avr/5.4.0/avr5\libgcc.a(_umulhisi3.o)
 .bss           0x00000000        0x0 d:/studies/amit embedded systems course/tools/atmel studio/7.0/toolchain/avr8/avr8-gnu-toolchain/bin/../lib/gcc/avr/5.4.0/avr5\libgcc.a(_umulhisi3.o)
 .text.libgcc.div
                0x00000000        0x0 d:/studies/amit embedded systems course/tools/atmel studio/7.0/toolchain/avr8/avr8-gnu-toolchain/bin/../lib/gcc/avr/5.4.0/avr5\libgcc.a(_umulhisi3.o)
 .text.libgcc   0x00000000        0x0 d:/studies/amit embedded systems course/tools/atmel studio/7.0/toolchain/avr8/avr8-gnu-toolchain/bin/../lib/gcc/avr/5.4.0/avr5\libgcc.a(_umulhisi3.o)
 .text.libgcc.prologue
                0x00000000        0x0 d:/studies/amit embedded systems course/tools/atmel studio/7.0/toolchain/avr8/avr8-gnu-toolchain/bin/../lib/gcc/avr/5.4.0/avr5\libgcc.a(_umulhisi3.o)
 .text.libgcc.builtins
                0x00000000        0x0 d:/studies/amit embedded systems course/tools/atmel studio/7.0/toolchain/avr8/avr8-gnu-toolchain/bin/../lib/gcc/avr/5.4.0/avr5\libgcc.a(_umulhisi3.o)
 .text.libgcc.fmul
                0x00000000        0x0 d:/studies/amit embedded systems course/tools/atmel studio/7.0/toolchain/avr8/avr8-gnu-toolchain/bin/../lib/gcc/avr/5.4.0/avr5\libgcc.a(_umulhisi3.o)
 .text.libgcc.fixed
                0x00000000        0x0 d:/studies/amit embedded systems course/tools/atmel studio/7.0/toolchain/avr8/avr8-gnu-toolchain/bin/../lib/gcc/avr/5.4.0/avr5\libgcc.a(_umulhisi3.o)
 .text          0x00000000        0x0 d:/studies/amit embedded systems course/tools/atmel studio/7.0/toolchain/avr8/avr8-gnu-toolchain/bin/../lib/gcc/avr/5.4.0/avr5\libgcc.a(_udivmodsi4.o)
 .data          0x00000000        0x0 d:/studies/amit embedded systems course/tools/atmel studio/7.0/toolchain/avr8/avr8-gnu-toolchain/bin/../lib/gcc/avr/5.4.0/avr5\libgcc.a(_udivmodsi4.o)
 .bss           0x00000000        0x0 d:/studies/amit embedded systems course/tools/atmel studio/7.0/toolchain/avr8/avr8-gnu-toolchain/bin/../lib/gcc/avr/5.4.0/avr5\libgcc.a(_udivmodsi4.o)
 .text.libgcc.mul
                0x00000000        0x0 d:/studies/amit embedded systems course/tools/atmel studio/7.0/toolchain/avr8/avr8-gnu-toolchain/bin/../lib/gcc/avr/5.4.0/avr5\libgcc.a(_udivmodsi4.o)
 .text.libgcc   0x00000000        0x0 d:/studies/amit embedded systems course/tools/atmel studio/7.0/toolchain/avr8/avr8-gnu-toolchain/bin/../lib/gcc/avr/5.4.0/avr5\libgcc.a(_udivmodsi4.o)
 .text.libgcc.prologue
                0x00000000        0x0 d:/studies/amit embedded systems course/tools/atmel studio/7.0/toolchain/avr8/avr8-gnu-toolchain/bin/../lib/gcc/avr/5.4.0/avr5\libgcc.a(_udivmodsi4.o)
 .text.libgcc.builtins
                0x00000000        0x0 d:/studies/amit embedded systems course/tools/atmel studio/7.0/toolchain/avr8/avr8-gnu-toolchain/bin/../lib/gcc/avr/5.4.0/avr5\libgcc.a(_udivmodsi4.o)
 .text.libgcc.fmul
                0x00000000        0x0 d:/studies/amit embedded systems course/tools/atmel studio/7.0/toolchain/avr8/avr8-gnu-toolchain/bin/../lib/gcc/avr/5.4.0/avr5\libgcc.a(_udivmodsi4.o)
 .text.libgcc.fixed
                0x00000000        0x0 d:/studies/amit embedded systems course/tools/atmel studio/7.0/toolchain/avr8/avr8-gnu-toolchain/bin/../lib/gcc/avr/5.4.0/avr5\libgcc.a(_udivmodsi4.o)

Memory Configuration

Name             Origin             Length             Attributes
text             0x00000000         0x00008000         xr
data             0x00800060         0x00000800         rw !x
eeprom           0x00810000         0x00000400         rw !x
fuse             0x00820000         0x00000002         rw !x
lock             0x00830000         0x00000400         rw !x
signature        0x00840000         0x00000400         rw !x
user_signatures  0x00850000         0x00000400         rw !x
*default*        0x00000000         0xffffffff

Linker script and memory map

LOAD D:/Studies/AMIT Embedded Systems course/Tools/ATMEL Studio/7.0/Packs/atmel/ATmega_DFP/1.6.364/gcc/dev/atmega32/avr5/crtatmega32.o
LOAD Bluetooth_Mod.o
LOAD CMD_Bus.o
LOAD Comm_Bridge.o
LOAD Devices.o
LOAD DIO.o
LOAD I2C.o
LOAD LCD.o
LOAD LED.o
LOAD main.o
LOAD Smart_Home.o
LOAD SPI.o
LOAD Status_FollowUp.o
LOAD UART.o
START GROUP
LOAD d:/studies/amit embedded systems course/tools/atmel studio/7.0/toolchain/avr8/avr8-gnu-toolchain/bin/../lib/gcc/avr/5.4.0/../../../../avr/lib/avr5\libm.a
END GROUP
START GROUP
LOAD d:/studies/amit embedded systems course/tools/atmel studio/7.0/toolchain/avr8/avr8-gnu-toolchain/bin/../lib/gcc/avr/5.4.0/avr5\libgcc.a
LOAD d:/studies/amit embedded systems course/tools/atmel studio/7.0/toolchain/avr8/avr8-gnu-toolchain/bin/../lib/gcc/avr/5.4.0/../../../../avr/lib/avr5\libm.a
LOAD d:/studies/amit embedded systems course/tools/atmel studio/7.0/toolchain/avr8/avr8-gnu-toolchain/bin/../lib/gcc/avr/5.4.0/../../../../avr/lib/avr5\libc.a
LOAD D:/Studies/AMIT Embedded Systems course/Tools/ATMEL Studio/7.0/Packs/atmel/ATmega_DFP/1.6.364/gcc/dev/atmega32/avr5\libatmega32.a
END GROUP
                0x00000000                __TEXT_REGION_ORIGIN__ = DEFINED (__TEXT_REGION_ORIGIN__)?__TEXT_REGION_ORIGIN__:0x0
                [0x00800060]                __DATA_REGION_ORIGIN__ = DEFINED (__DATA_REGION_ORIGIN__)?__DATA_REGION_ORIGIN__:0x800060
                [0x00008000]                __TEXT_REGION_LENGTH__ = DEFINED (__TEXT_REGION_LENGTH__)?__TEXT_REGION_LENGTH__:0x20000
                [0x00000800]                __DATA_REGION_LENGTH__ = DEFINED (__DATA_REGION_LENGTH__)?__DATA_REGION_LENGTH__:0xffa0
                [0x00000400]                __EEPROM_REGION_LENGTH__ = DEFINED (__EEPROM_REGION_LENGTH__)?__EEPROM_REGION_LENGTH__:0x10000
                [0x00000002]                __FUSE_REGION_LENGTH__ = DEFINED (__FUSE_REGION_LENGTH__)?__FUSE_REGION_LENGTH__:0x400
                0x00000400                __LOCK_REGION_LENGTH__ = DEFINED (__LOCK_REGION_LENGTH__)?__LOCK_REGION_LENGTH__:0x400
                0x00000400                __SIGNATURE_REGION_LENGTH__ = DEFINED (__SIGNATURE_REGION_LENGTH__)?__SIGNATURE_REGION_LENGTH__:0x400
                0x00000400                __USER_SIGNATURE_REGION_LENGTH__ = DEFINED (__USER_SIGNATURE_REGION_LENGTH__)?__USER_SIGNATURE_REGION_LENGTH__:0x400

.hash
 *(.hash)

.dynsym
 *(.dynsym)

.dynstr
 *(.dynstr)

.gnu.version
 *(.gnu.version)

.gnu.version_d
 *(.gnu.version_d)

.gnu.version_r
 *(.gnu.version_r)

.rel.init
 *(.rel.init)

.rela.init
 *(.rela.init)

.rel.text
 *(.rel.text)
 *(.rel.text.*)
 *(.rel.gnu.linkonce.t*)

.rela.text
 *(.rela.text)
 *(.rela.text.*)
 *(.rela.gnu.linkonce.t*)

.rel.fini
 *(.rel.fini)

.rela.fini
 *(.rela.fini)

.rel.rodata
 *(.rel.rodata)
 *(.rel.rodata.*)
 *(.rel.gnu.linkonce.r*)

.rela.rodata
 *(.rela.rodata)
 *(.rela.rodata.*)
 *(.rela.gnu.linkonce.r*)

.rel.data
 *(.rel.data)
 *(.rel.data.*)
 *(.rel.gnu.linkonce.d*)

.rela.data
 *(.rela.data)
 *(.rela.data.*)
 *(.rela.gnu.linkonce.d*)

.rel.ctors
 *(.rel.ctors)

.rela.ctors
 *(.rela.ctors)

.rel.dtors
 *(.rel.dtors)

.rela.dtors
 *(.rela.dtors)

.rel.got
 *(.rel.got)

.rela.got
 *(.rela.got)

.rel.bss
 *(.rel.bss)

.rela.bss
 *(.rela.bss)

.rel.plt
 *(.rel.plt)

.rela.plt
 *(.rela.plt)

.text           0x00000000      0xbac
 *(.vectors)
 .vectors       0x00000000       0x54 D:/Studies/AMIT Embedded Systems course/Tools/ATMEL Studio/7.0/Packs/atmel/ATmega_DFP/1.6.364/gcc/dev/atmega32/avr5/crtatmega32.o
                0x00000000                __vector_default
                0x00000000                __vectors
 *(.vectors)
 *(.progmem.gcc*)
                0x00000054                . = ALIGN (0x2)
                0x00000054                __trampolines_start = .
 *(.trampolines)
 .trampolines   0x00000054        0x0 linker stubs
 *(.trampolines*)
                0x00000054                __trampolines_end = .
 *libprintf_flt.a:*(.progmem.data)
 *libc.a:*(.progmem.data)
 *(.progmem*)
                0x00000054                . = ALIGN (0x2)
 *(.jumptables)
 *(.jumptables*)
 *(.lowtext)
 *(.lowtext*)
                0x00000054                __ctors_start = .
 *(.ctors)
                0x00000054                __ctors_end = .
                0x00000054                __dtors_start = .
 *(.dtors)
                0x00000054                __dtors_end = .
 SORT(*)(.ctors)
 SORT(*)(.dtors)
 *(.init0)
 .init0         0x00000054        0x0 D:/Studies/AMIT Embedded Systems course/Tools/ATMEL Studio/7.0/Packs/atmel/ATmega_DFP/1.6.364/gcc/dev/atmega32/avr5/crtatmega32.o
                0x00000054                __init
 *(.init0)
 *(.init1)
 *(.init1)
 *(.init2)
 .init2         0x00000054        0xc D:/Studies/AMIT Embedded Systems course/Tools/ATMEL Studio/7.0/Packs/atmel/ATmega_DFP/1.6.364/gcc/dev/atmega32/avr5/crtatmega32.o
 *(.init2)
 *(.init3)
 *(.init3)
 *(.init4)
 .init4         0x00000060       0x16 d:/studies/amit embedded systems course/tools/atmel studio/7.0/toolchain/avr8/avr8-gnu-toolchain/bin/../lib/gcc/avr/5.4.0/avr5\libgcc.a(_copy_data.o)
                0x00000060                __do_copy_data
 .init4         0x00000076       0x10 d:/studies/amit embedded systems course/tools/atmel studio/7.0/toolchain/avr8/avr8-gnu-toolchain/bin/../lib/gcc/avr/5.4.0/avr5\libgcc.a(_clear_bss.o)
                0x00000076                __do_clear_bss
 *(.init4)
 *(.init5)
 *(.init5)
 *(.init6)
 *(.init6)
 *(.init7)
 *(.init7)
 *(.init8)
 *(.init8)
 *(.init9)
 .init9         0x00000086        0x8 D:/Studies/AMIT Embedded Systems course/Tools/ATMEL Studio/7.0/Packs/atmel/ATmega_DFP/1.6.364/gcc/dev/atmega32/avr5/crtatmega32.o
 *(.init9)
 *(.text)
 .text          0x0000008e        0x4 D:/Studies/AMIT Embedded Systems course/Tools/ATMEL Studio/7.0/Packs/atmel/ATmega_DFP/1.6.364/gcc/dev/atmega32/avr5/crtatmega32.o
                0x0000008e                __vector_1
                0x0000008e                __vector_12
                0x0000008e                __bad_interrupt
                0x0000008e                __vector_6
                0x0000008e                __vector_3
                0x0000008e                __vector_11
                0x0000008e                __vector_13
                0x0000008e                __vector_17
                0x0000008e                __vector_19
                0x0000008e                __vector_7
                0x0000008e                __vector_5
                0x0000008e                __vector_4
                0x0000008e                __vector_9
                0x0000008e                __vector_2
                0x0000008e                __vector_15
                0x0000008e                __vector_8
                0x0000008e                __vector_14
                0x0000008e                __vector_10
                0x0000008e                __vector_16
                0x0000008e                __vector_18
                0x0000008e                __vector_20
                0x00000092                . = ALIGN (0x2)
 *(.text.*)
 .text.Bluetooth_Mod_Init
                0x00000092       0x12 Bluetooth_Mod.o
                0x00000092                Bluetooth_Mod_Init
 .text.Bluetooth_Mod_Ch_Pair
                0x000000a4       0x26 Bluetooth_Mod.o
                0x000000a4                Bluetooth_Mod_Ch_Pair
 .text.CMD_Bus_HandShake
                0x000000ca       0x24 CMD_Bus.o
                0x000000ca                CMD_Bus_HandShake
 .text.CMD_Bus_Master_Init
                0x000000ee        0x6 CMD_Bus.o
                0x000000ee                CMD_Bus_Master_Init
 .text.CMD_Bus_Write
                0x000000f4       0x2e CMD_Bus.o
                0x000000f4                CMD_Bus_Write
 .text.CMD_Bus_Read
                0x00000122       0x2a CMD_Bus.o
                0x00000122                CMD_Bus_Read
 .text.CMD_Bus_Res_Ack
                0x0000014c       0x36 CMD_Bus.o
                0x0000014c                CMD_Bus_Res_Ack
 .text.Comm_Bridge_Init
                0x00000182       0x3e Comm_Bridge.o
                0x00000182                Comm_Bridge_Init
 .text.Comm_Bridge_CMD_Read_Req
                0x000001c0       0x38 Comm_Bridge.o
                0x000001c0                Comm_Bridge_CMD_Read_Req
 .text.Comm_Bridge_CMD_Res
                0x000001f8       0x96 Comm_Bridge.o
                0x000001f8                Comm_Bridge_CMD_Res
 .text.Devices_DB_Config
                0x0000028e       0xd6 Devices.o
                0x0000028e                Devices_DB_Config
 .text.Devices_Init
                0x00000364       0x4e Devices.o
                0x00000364                Devices_Init
 .text.Dev_Op_Check_Valid
                0x000003b2       0x6a Devices.o
                0x000003b2                Dev_Op_Check_Valid
 .text.Device_Apply_Request
                0x0000041c       0x68 Devices.o
                0x0000041c                Device_Apply_Request
 .text.DIO_SetPinDir
                0x00000484       0x38 DIO.o
                0x00000484                DIO_SetPinDir
 .text.DIO_SetPinValue
                0x000004bc       0x38 DIO.o
                0x000004bc                DIO_SetPinValue
 .text.DIO_ReadPinValue
                0x000004f4       0x18 DIO.o
                0x000004f4                DIO_ReadPinValue
 .text.DIO_TogglePin
                0x0000050c       0x18 DIO.o
                0x0000050c                DIO_TogglePin
 .text.LCD_WriteCommand
                0x00000524       0x9c LCD.o
                0x00000524                LCD_WriteCommand
 .text.LCD_Init
                0x000005c0       0x92 LCD.o
                0x000005c0                LCD_Init
 .text.LCD_WriteChar
                0x00000652       0x9c LCD.o
                0x00000652                LCD_WriteChar
 .text.LCD_WriteInteger
                0x000006ee       0xf4 LCD.o
                0x000006ee                LCD_WriteInteger
 .text.LCD_WriteString
                0x000007e2       0x26 LCD.o
                0x000007e2                LCD_WriteString
 .text.LCD_GoToLocation
                0x00000808       0x30 LCD.o
                0x00000808                LCD_GoToLocation
 .text.LCD_Clear
                0x00000838        0x8 LCD.o
                0x00000838                LCD_Clear
 .text.LED0_Init
                0x00000840        0xe LED.o
                0x00000840                LED0_Init
 .text.LED1_Init
                0x0000084e        0xe LED.o
                0x0000084e                LED1_Init
 .text.LED2_Init
                0x0000085c        0xe LED.o
                0x0000085c                LED2_Init
 .text.LED0_ON  0x0000086a        0xe LED.o
                0x0000086a                LED0_ON
 .text.LED1_ON  0x00000878        0xe LED.o
                0x00000878                LED1_ON
 .text.LED2_ON  0x00000886        0xe LED.o
                0x00000886                LED2_ON
 .text.LED0_OFF
                0x00000894        0xe LED.o
                0x00000894                LED0_OFF
 .text.LED1_OFF
                0x000008a2        0xe LED.o
                0x000008a2                LED1_OFF
 .text.LED2_OFF
                0x000008b0        0xe LED.o
                0x000008b0                LED2_OFF
 .text.LED0_Toggle
                0x000008be        0xc LED.o
                0x000008be                LED0_Toggle
 .text.LED1_Toggle
                0x000008ca        0xc LED.o
                0x000008ca                LED1_Toggle
 .text.LED2_Toggle
                0x000008d6        0xc LED.o
                0x000008d6                LED2_Toggle
 .text.main     0x000008e2        0xa main.o
                0x000008e2                main
 .text.Smart_Home_Read_N_Decode
                0x000008ec       0x1e Smart_Home.o
 .text.Smart_Home_Process_N_Respond
                0x0000090a       0x4a Smart_Home.o
 .text.Smart_Home_Init
                0x00000954       0x26 Smart_Home.o
                0x00000954                Smart_Home_Init
 .text.Smart_Home_Run
                0x0000097a        0xa Smart_Home.o
                0x0000097a                Smart_Home_Run
 .text.SPI_Master_Init
                0x00000984       0x56 SPI.o
                0x00000984                SPI_Master_Init
 .text.SPI_Master_InitTrans
                0x000009da       0x20 SPI.o
                0x000009da                SPI_Master_InitTrans
 .text.SPI_Master_TermTrans
                0x000009fa        0xe SPI.o
                0x000009fa                SPI_Master_TermTrans
 .text.SPI_Transiver
                0x00000a08       0x2c SPI.o
                0x00000a08                SPI_Transiver
 .text.Status_Disp_LCD
                0x00000a34       0x4c Status_FollowUp.o
                0x00000a34                Status_Disp_LCD
 .text.Status_Disp_LCD_IncludeInteger
                0x00000a80       0x5e Status_FollowUp.o
                0x00000a80                Status_Disp_LCD_IncludeInteger
 .text.UART_Init
                0x00000ade       0x2a UART.o
                0x00000ade                UART_Init
 .text.libgcc.div
                0x00000b08       0x2e d:/studies/amit embedded systems course/tools/atmel studio/7.0/toolchain/avr8/avr8-gnu-toolchain/bin/../lib/gcc/avr/5.4.0/avr5\libgcc.a(_divmodsi4.o)
                0x00000b08                __divmodsi4
 .text.libgcc.div
                0x00000b36       0x10 d:/studies/amit embedded systems course/tools/atmel studio/7.0/toolchain/avr8/avr8-gnu-toolchain/bin/../lib/gcc/avr/5.4.0/avr5\libgcc.a(_negsi2.o)
                0x00000b36                __negsi2
 .text.libgcc.mul
                0x00000b46       0x1e d:/studies/amit embedded systems course/tools/atmel studio/7.0/toolchain/avr8/avr8-gnu-toolchain/bin/../lib/gcc/avr/5.4.0/avr5\libgcc.a(_umulhisi3.o)
                0x00000b46                __umulhisi3
 .text.libgcc.div
                0x00000b64       0x44 d:/studies/amit embedded systems course/tools/atmel studio/7.0/toolchain/avr8/avr8-gnu-toolchain/bin/../lib/gcc/avr/5.4.0/avr5\libgcc.a(_udivmodsi4.o)
                0x00000b64                __udivmodsi4
                0x00000ba8                . = ALIGN (0x2)
 *(.fini9)
 .fini9         0x00000ba8        0x0 d:/studies/amit embedded systems course/tools/atmel studio/7.0/toolchain/avr8/avr8-gnu-toolchain/bin/../lib/gcc/avr/5.4.0/avr5\libgcc.a(_exit.o)
                0x00000ba8                _exit
                0x00000ba8                exit
 *(.fini9)
 *(.fini8)
 *(.fini8)
 *(.fini7)
 *(.fini7)
 *(.fini6)
 *(.fini6)
 *(.fini5)
 *(.fini5)
 *(.fini4)
 *(.fini4)
 *(.fini3)
 *(.fini3)
 *(.fini2)
 *(.fini2)
 *(.fini1)
 *(.fini1)
 *(.fini0)
 .fini0         0x00000ba8        0x4 d:/studies/amit embedded systems course/tools/atmel studio/7.0/toolchain/avr8/avr8-gnu-toolchain/bin/../lib/gcc/avr/5.4.0/avr5\libgcc.a(_exit.o)
 *(.fini0)
                0x00000bac                _etext = .

.data           0x00800060       0x48 load address 0x00000bac
                0x00800060                PROVIDE (__data_start, .)
 *(.data)
 *(.data*)
 .data.LCD_Row_Text_Options
                0x00800060       0x30 Status_FollowUp.o
                0x00800060                LCD_Row_Text_Options
 *(.gnu.linkonce.d*)
 *(.rodata)
 .rodata        0x00800090       0x18 Devices.o
 *(.rodata*)
 *(.gnu.linkonce.r*)
                0x008000a8                . = ALIGN (0x2)
                0x008000a8                _edata = .
                0x008000a8                PROVIDE (__data_end, .)

.bss            0x008000a8       0x22
                0x008000a8                PROVIDE (__bss_start, .)
 *(.bss)
 *(.bss*)
 .bss.Selected_Operation
                0x008000a8        0x1 Smart_Home.o
                0x008000a8                Selected_Operation
 .bss.Selected_Device
                0x008000a9        0x1 Smart_Home.o
                0x008000a9                Selected_Device
 *(COMMON)
 COMMON         0x008000aa       0x1e Devices.o
                0x008000aa                Smart_Home_Devices
 COMMON         0x008000c8        0x2 Smart_Home.o
                0x008000c8                User_Selection
                0x008000ca                PROVIDE (__bss_end, .)
                0x00000bac                __data_load_start = LOADADDR (.data)
                0x00000bf4                __data_load_end = (__data_load_start + SIZEOF (.data))

.noinit         0x008000ca        0x0
                [!provide]                PROVIDE (__noinit_start, .)
 *(.noinit*)
                [!provide]                PROVIDE (__noinit_end, .)
                0x008000ca                _end = .
                [!provide]                PROVIDE (__heap_start, .)

.eeprom         0x00810000        0x0
 *(.eeprom*)
                0x00810000                __eeprom_end = .

.fuse
 *(.fuse)
 *(.lfuse)
 *(.hfuse)
 *(.efuse)

.lock
 *(.lock*)

.signature
 *(.signature*)

.user_signatures
 *(.user_signatures*)

.stab
 *(.stab)

.stabstr
 *(.stabstr)

.stab.excl
 *(.stab.excl)

.stab.exclstr
 *(.stab.exclstr)

.stab.index
 *(.stab.index)

.stab.indexstr
 *(.stab.indexstr)

.comment        0x00000000       0x30
 *(.comment)
 .comment       0x00000000       0x30 Bluetooth_Mod.o
                                 0x31 (size before relaxing)
 .comment       0x00000030       0x31 CMD_Bus.o
 .comment       0x00000030       0x31 Comm_Bridge.o
 .comment       0x00000030       0x31 Devices.o
 .comment       0x00000030       0x31 DIO.o
 .comment       0x00000030       0x31 LCD.o
 .comment       0x00000030       0x31 LED.o
 .comment       0x00000030       0x31 main.o
 .comment       0x00000030       0x31 Smart_Home.o
 .comment       0x00000030       0x31 SPI.o
 .comment       0x00000030       0x31 Status_FollowUp.o
 .comment       0x00000030       0x31 UART.o

.note.gnu.avr.deviceinfo
                0x00000000       0x3c
 .note.gnu.avr.deviceinfo
                0x00000000       0x3c D:/Studies/AMIT Embedded Systems course/Tools/ATMEL Studio/7.0/Packs/atmel/ATmega_DFP/1.6.364/gcc/dev/atmega32/avr5/crtatmega32.o

.note.gnu.build-id
 *(.note.gnu.build-id)

.debug
 *(.debug)

.line
 *(.line)

.debug_srcinfo
 *(.debug_srcinfo)

.debug_sfnames
 *(.debug_sfnames)

.debug_aranges  0x00000000      0x380
 *(.debug_aranges)
 .debug_aranges
                0x00000000       0x48 Bluetooth_Mod.o
 .debug_aranges
                0x00000048       0x50 CMD_Bus.o
 .debug_aranges
                0x00000098       0x50 Comm_Bridge.o
 .debug_aranges
                0x000000e8       0x38 Devices.o
 .debug_aranges
                0x00000120       0x68 DIO.o
 .debug_aranges
                0x00000188       0x50 LCD.o
 .debug_aranges
                0x000001d8       0x98 LED.o
 .debug_aranges
                0x00000270       0x20 main.o
 .debug_aranges
                0x00000290       0x38 Smart_Home.o
 .debug_aranges
                0x000002c8       0x40 SPI.o
 .debug_aranges
                0x00000308       0x38 Status_FollowUp.o
 .debug_aranges
                0x00000340       0x40 UART.o

.debug_pubnames
 *(.debug_pubnames)

.debug_info     0x00000000     0x39b0
 *(.debug_info .gnu.linkonce.wi.*)
 .debug_info    0x00000000      0x4e6 D:/Studies/AMIT Embedded Systems course/Tools/ATMEL Studio/7.0/Packs/atmel/ATmega_DFP/1.6.364/gcc/dev/atmega32/avr5/crtatmega32.o
 .debug_info    0x000004e6      0x2c3 Bluetooth_Mod.o
 .debug_info    0x000007a9      0x351 CMD_Bus.o
 .debug_info    0x00000afa      0x96c Comm_Bridge.o
 .debug_info    0x00001466      0x4bf Devices.o
 .debug_info    0x00001925      0x310 DIO.o
 .debug_info    0x00001c35      0x805 LCD.o
 .debug_info    0x0000243a      0x616 LED.o
 .debug_info    0x00002a50       0xd1 main.o
 .debug_info    0x00002b21      0x56e Smart_Home.o
 .debug_info    0x0000308f      0x389 SPI.o
 .debug_info    0x00003418      0x3a7 Status_FollowUp.o
 .debug_info    0x000037bf      0x1f1 UART.o

.debug_abbrev   0x00000000     0x12e8
 *(.debug_abbrev)
 .debug_abbrev  0x00000000      0x4a3 D:/Studies/AMIT Embedded Systems course/Tools/ATMEL Studio/7.0/Packs/atmel/ATmega_DFP/1.6.364/gcc/dev/atmega32/avr5/crtatmega32.o
 .debug_abbrev  0x000004a3      0x13f Bluetooth_Mod.o
 .debug_abbrev  0x000005e2       0xe4 CMD_Bus.o
 .debug_abbrev  0x000006c6      0x1e6 Comm_Bridge.o
 .debug_abbrev  0x000008ac      0x178 Devices.o
 .debug_abbrev  0x00000a24       0xd7 DIO.o
 .debug_abbrev  0x00000afb      0x19f LCD.o
 .debug_abbrev  0x00000c9a       0xbf LED.o
 .debug_abbrev  0x00000d59       0x68 main.o
 .debug_abbrev  0x00000dc1      0x152 Smart_Home.o
 .debug_abbrev  0x00000f13      0x168 SPI.o
 .debug_abbrev  0x0000107b      0x148 Status_FollowUp.o
 .debug_abbrev  0x000011c3      0x125 UART.o

.debug_line     0x00000000     0x1812
 *(.debug_line .debug_line.* .debug_line_end)
 .debug_line    0x00000000      0x116 D:/Studies/AMIT Embedded Systems course/Tools/ATMEL Studio/7.0/Packs/atmel/ATmega_DFP/1.6.364/gcc/dev/atmega32/avr5/crtatmega32.o
 .debug_line    0x00000116      0x147 Bluetooth_Mod.o
 .debug_line    0x0000025d      0x1f2 CMD_Bus.o
 .debug_line    0x0000044f      0x437 Comm_Bridge.o
 .debug_line    0x00000886      0x1a8 Devices.o
 .debug_line    0x00000a2e      0x129 DIO.o
 .debug_line    0x00000b57      0x37c LCD.o
 .debug_line    0x00000ed3      0x23e LED.o
 .debug_line    0x00001111       0x59 main.o
 .debug_line    0x0000116a      0x13c Smart_Home.o
 .debug_line    0x000012a6      0x233 SPI.o
 .debug_line    0x000014d9      0x200 Status_FollowUp.o
 .debug_line    0x000016d9      0x139 UART.o

.debug_frame    0x00000000      0x754
 *(.debug_frame)
 .debug_frame   0x00000000       0xa4 Bluetooth_Mod.o
 .debug_frame   0x000000a4       0xbc CMD_Bus.o
 .debug_frame   0x00000160       0xd0 Comm_Bridge.o
 .debug_frame   0x00000230       0x90 Devices.o
 .debug_frame   0x000002c0       0xb4 DIO.o
 .debug_frame   0x00000374       0xd8 LCD.o
 .debug_frame   0x0000044c      0x114 LED.o
 .debug_frame   0x00000560       0x24 main.o
 .debug_frame   0x00000584       0x64 Smart_Home.o
 .debug_frame   0x000005e8       0x6c SPI.o
 .debug_frame   0x00000654       0x70 Status_FollowUp.o
 .debug_frame   0x000006c4       0x90 UART.o

.debug_str      0x00000000     0x1170
 *(.debug_str)
 .debug_str     0x00000000      0x196 D:/Studies/AMIT Embedded Systems course/Tools/ATMEL Studio/7.0/Packs/atmel/ATmega_DFP/1.6.364/gcc/dev/atmega32/avr5/crtatmega32.o
 .debug_str     0x00000196      0x2a2 Bluetooth_Mod.o
                                0x2c9 (size before relaxing)
 .debug_str     0x00000438      0x196 CMD_Bus.o
                                0x37d (size before relaxing)
 .debug_str     0x000005ce      0x654 Comm_Bridge.o
                                0x9b7 (size before relaxing)
 .debug_str     0x00000c22      0x1b1 Devices.o
                                0x7f4 (size before relaxing)
 .debug_str     0x00000dd3       0x8d DIO.o
                                0x265 (size before relaxing)
 .debug_str     0x00000e60       0xaa LCD.o
                                0x306 (size before relaxing)
 .debug_str     0x00000f0a       0xa3 LED.o
                                0x27d (size before relaxing)
 .debug_str     0x00000fad       0x30 main.o
                                0x205 (size before relaxing)
 .debug_str     0x00000fdd       0xbd Smart_Home.o
                                0x93a (size before relaxing)
 .debug_str     0x0000109a       0x48 SPI.o
                                0x2e6 (size before relaxing)
 .debug_str     0x000010e2       0x7c Status_FollowUp.o
                                0x33e (size before relaxing)
 .debug_str     0x0000115e       0x12 UART.o
                                0x20f (size before relaxing)

.debug_loc      0x00000000     0x1742
 *(.debug_loc)
 .debug_loc     0x00000000      0x160 Bluetooth_Mod.o
 .debug_loc     0x00000160      0x24b CMD_Bus.o
 .debug_loc     0x000003ab      0x4c2 Comm_Bridge.o
 .debug_loc     0x0000086d      0x225 Devices.o
 .debug_loc     0x00000a92       0xf8 DIO.o
 .debug_loc     0x00000b8a      0x549 LCD.o
 .debug_loc     0x000010d3      0x165 LED.o
 .debug_loc     0x00001238       0x48 Smart_Home.o
 .debug_loc     0x00001280      0x161 SPI.o
 .debug_loc     0x000013e1      0x1f8 Status_FollowUp.o
 .debug_loc     0x000015d9      0x169 UART.o

.debug_macinfo
 *(.debug_macinfo)

.debug_weaknames
 *(.debug_weaknames)

.debug_funcnames
 *(.debug_funcnames)

.debug_typenames
 *(.debug_typenames)

.debug_varnames
 *(.debug_varnames)

.debug_pubtypes
 *(.debug_pubtypes)

.debug_ranges   0x00000000      0x2c0
 *(.debug_ranges)
 .debug_ranges  0x00000000       0x38 Bluetooth_Mod.o
 .debug_ranges  0x00000038       0x40 CMD_Bus.o
 .debug_ranges  0x00000078       0x40 Comm_Bridge.o
 .debug_ranges  0x000000b8       0x28 Devices.o
 .debug_ranges  0x000000e0       0x58 DIO.o
 .debug_ranges  0x00000138       0x40 LCD.o
 .debug_ranges  0x00000178       0x88 LED.o
 .debug_ranges  0x00000200       0x10 main.o
 .debug_ranges  0x00000210       0x28 Smart_Home.o
 .debug_ranges  0x00000238       0x30 SPI.o
 .debug_ranges  0x00000268       0x28 Status_FollowUp.o
 .debug_ranges  0x00000290       0x30 UART.o

.debug_macro
 *(.debug_macro)
OUTPUT(Develop_APP_Layer.elf elf32-avr)
LOAD linker stubs
